ARM Linker, 5.03 [Build 24] [MDK-ARM Standard]

==============================================================================

Section Cross References

    main.o(.text) refers to delay.o(.text) for delay_init
    main.o(.text) refers to sys.o(.text) for NVIC_Configuration
    main.o(.text) refers to usart.o(.text) for uart_init
    main.o(.text) refers to led.o(.text) for LED_Init
    main.o(.text) refers to key.o(.text) for KEY_Init
    main.o(.text) refers to timer.o(.text) for Timerx_Init
    main.o(.text) refers to ultrasonicwave.o(.text) for UltrasonicWave_Configuration
    system_stm32f10x.o(.text) refers to system_stm32f10x.o(.data) for SystemCoreClock
    led.o(.text) refers to stm32f10x_rcc.o(.text) for RCC_APB2PeriphClockCmd
    led.o(.text) refers to stm32f10x_gpio.o(.text) for GPIO_Init
    key.o(.text) refers to stm32f10x_rcc.o(.text) for RCC_APB2PeriphClockCmd
    key.o(.text) refers to stm32f10x_gpio.o(.text) for GPIO_Init
    key.o(.text) refers to delay.o(.text) for delay_ms
    key.o(.text) refers to key.o(.data) for key_up
    wdg.o(.text) refers to stm32f10x_iwdg.o(.text) for IWDG_WriteAccessCmd
    wdg.o(.text) refers to misc.o(.text) for NVIC_Init
    wdg.o(.text) refers to stm32f10x_rcc.o(.text) for RCC_APB1PeriphClockCmd
    wdg.o(.text) refers to stm32f10x_wwdg.o(.text) for WWDG_SetPrescaler
    timer.o(.text) refers to stm32f10x_rcc.o(.text) for RCC_APB1PeriphClockCmd
    timer.o(.text) refers to stm32f10x_tim.o(.text) for TIM_TimeBaseInit
    timer.o(.text) refers to misc.o(.text) for NVIC_Init
    ultrasonicwave.o(.text) refers to _printf_percent.o(.ARM.Collect$$_printf_percent$$00000000) for _printf_percent
    ultrasonicwave.o(.text) refers to _printf_f.o(.ARM.Collect$$_printf_percent$$00000003) for _printf_f
    ultrasonicwave.o(.text) refers to printf1.o(x$fpl$printf1) for _printf_fp_dec
    ultrasonicwave.o(.text) refers to stm32f10x_gpio.o(.text) for GPIO_PinRemapConfig
    ultrasonicwave.o(.text) refers to stm32f10x_rcc.o(.text) for RCC_APB2PeriphClockCmd
    ultrasonicwave.o(.text) refers to stm32f10x_exti.o(.text) for EXTI_Init
    ultrasonicwave.o(.text) refers to misc.o(.text) for NVIC_Init
    ultrasonicwave.o(.text) refers to delay.o(.text) for delay_us
    ultrasonicwave.o(.text) refers to stm32f10x_tim.o(.text) for TIM_SetCounter
    ultrasonicwave.o(.text) refers to dflt_clz.o(x$fpl$dflt) for __aeabi_i2d
    ultrasonicwave.o(.text) refers to ddiv.o(x$fpl$ddiv) for __aeabi_ddiv
    ultrasonicwave.o(.text) refers to d2f.o(x$fpl$d2f) for __aeabi_d2f
    ultrasonicwave.o(.text) refers to frleqf.o(x$fpl$frleqf) for __aeabi_cfrcmple
    ultrasonicwave.o(.text) refers to f2d.o(x$fpl$f2d) for __aeabi_f2d
    ultrasonicwave.o(.text) refers to noretval__2printf.o(.text) for __2printf
    ultrasonicwave.o(.text) refers to ultrasonicwave.o(.data) for UltrasonicWave_Distance
    delay.o(.text) refers to misc.o(.text) for SysTick_CLKSourceConfig
    delay.o(.text) refers to delay.o(.data) for fac_us
    sys.o(.text) refers to misc.o(.text) for NVIC_PriorityGroupConfig
    usart.o(.text) refers (Special) to use_no_semi_2.o(.text) for __use_no_semihosting
    usart.o(.text) refers to stm32f10x_rcc.o(.text) for RCC_APB2PeriphClockCmd
    usart.o(.text) refers to stm32f10x_gpio.o(.text) for GPIO_Init
    usart.o(.text) refers to misc.o(.text) for NVIC_Init
    usart.o(.text) refers to stm32f10x_usart.o(.text) for USART_Init
    usart.o(.text) refers to usart.o(.data) for USART_RX_STA
    usart.o(.text) refers to usart.o(.bss) for USART_RX_BUF
    usart.o(.bss) refers (Special) to use_no_semi_2.o(.text) for __use_no_semihosting
    usart.o(.data) refers (Special) to use_no_semi_2.o(.text) for __use_no_semihosting
    startup_stm32f10x_md.o(STACK) refers (Special) to heapauxi.o(.text) for __use_two_region_memory
    startup_stm32f10x_md.o(HEAP) refers (Special) to heapauxi.o(.text) for __use_two_region_memory
    startup_stm32f10x_md.o(RESET) refers (Special) to heapauxi.o(.text) for __use_two_region_memory
    startup_stm32f10x_md.o(RESET) refers to startup_stm32f10x_md.o(STACK) for __initial_sp
    startup_stm32f10x_md.o(RESET) refers to startup_stm32f10x_md.o(.text) for Reset_Handler
    startup_stm32f10x_md.o(RESET) refers to stm32f10x_it.o(.text) for NMI_Handler
    startup_stm32f10x_md.o(RESET) refers to wdg.o(.text) for WWDG_IRQHandler
    startup_stm32f10x_md.o(RESET) refers to ultrasonicwave.o(.text) for EXTI9_5_IRQHandler
    startup_stm32f10x_md.o(RESET) refers to timer.o(.text) for TIM2_IRQHandler
    startup_stm32f10x_md.o(RESET) refers to usart.o(.text) for USART1_IRQHandler
    startup_stm32f10x_md.o(.text) refers (Special) to heapauxi.o(.text) for __use_two_region_memory
    startup_stm32f10x_md.o(.text) refers to system_stm32f10x.o(.text) for SystemInit
    startup_stm32f10x_md.o(.text) refers to __main.o(!!!main) for __main
[...]
    libshutdown.o(.ARM.Collect$$libshutdown$$00000000) refers (Special) to libshutdown2.o(.ARM.Collect$$libshutdown$$0000000B) for __rt_lib_shutdown_user_alloc_1
    rt_raise.o(.text) refers to __raise.o(.text) for __raise
    rt_raise.o(.text) refers to usart.o(.text) for _sys_exit
    defsig_exit.o(.text) refers to usart.o(.text) for _sys_exit
    defsig_rtmem_inner.o(.text) refers to defsig_general.o(.text) for __default_signal_display
    __raise.o(.text) refers to defsig.o(CL$$defsig) for __default_signal_handler
    defsig_general.o(.text) refers to sys_wrch.o(.text) for _ttywrch
    sys_wrch.o(.text) refers (Special) to use_no_semi.o(.text) for __I$use$semihosting
    sys_wrch.o(.text) refers (Special) to indicate_semi.o(.text) for __semihosting_library_function
    defsig.o(CL$$defsig) refers to defsig_rtmem_inner.o(.text) for __rt_SIGRTMEM_inner
    defsig_abrt_inner.o(.text) refers to defsig_general.o(.text) for __default_signal_display
    defsig_fpe_inner.o(.text) refers to defsig_general.o(.text) for __default_signal_display
    defsig_rtred_inner.o(.text) refers to defsig_general.o(.text) for __default_signal_display
    defsig_stak_inner.o(.text) refers to defsig_general.o(.text) for __default_signal_display
    defsig_pvfn_inner.o(.text) refers to defsig_general.o(.text) for __default_signal_display
    defsig_cppl_inner.o(.text) refers to defsig_general.o(.text) for __default_signal_display
    defsig_segv_inner.o(.text) refers to defsig_general.o(.text) for __default_signal_display
    defsig_other.o(.text) refers to defsig_general.o(.text) for __default_signal_display


==============================================================================

Removing Unused input sections from the image.

    Removing wdg.o(.data), (1 bytes).
    Removing core_cm3.o(.emb_text), (32 bytes).
    Removing stm32f10x_adc.o(.text), (1102 bytes).
    Removing stm32f10x_bkp.o(.text), (196 bytes).
    Removing stm32f10x_can.o(.text), (2536 bytes).
    Removing stm32f10x_cec.o(.text), (288 bytes).
    Removing stm32f10x_crc.o(.text), (72 bytes).
    Removing stm32f10x_dac.o(.text), (396 bytes).
    Removing stm32f10x_dbgmcu.o(.text), (48 bytes).
    Removing stm32f10x_dma.o(.text), (592 bytes).
    Removing stm32f10x_flash.o(.text), (1468 bytes).
    Removing stm32f10x_fsmc.o(.text), (1560 bytes).
    Removing stm32f10x_i2c.o(.text), (1028 bytes).
    Removing stm32f10x_pwr.o(.text), (204 bytes).
    Removing stm32f10x_rtc.o(.text), (324 bytes).
    Removing stm32f10x_sdio.o(.text), (472 bytes).
    Removing stm32f10x_spi.o(.text), (780 bytes).

17 unused section(s) (total 11099 bytes) removed from the image.

==============================================================================

Image Symbol Table

    Local Symbols

    Symbol Name                              Value     Ov Type        Size  Object(Section)

    ../clib/angel/boardlib.s                 0x00000000   Number         0  boardinit3.o ABSOLUTE
    ../clib/angel/boardlib.s                 0x00000000   Number         0  boardshut.o ABSOLUTE
    ../clib/angel/boardlib.s                 0x00000000   Number         0  boardinit2.o ABSOLUTE
    ../clib/angel/boardlib.s                 0x00000000   Number         0  boardinit1.o ABSOLUTE
    ../clib/angel/handlers.s                 0x00000000   Number         0  __scatter_zi.o ABSOLUTE
    ../clib/angel/handlers.s                 0x00000000   Number         0  __scatter_copy.o ABSOLUTE
    ../clib/angel/kernel.s                   0x00000000   Number         0  rtentry4.o ABSOLUTE
    ../clib/angel/kernel.s                   0x00000000   Number         0  rtentry2.o ABSOLUTE
    ../clib/angel/kernel.s                   0x00000000   Number         0  rtentry.o ABSOLUTE
    ../clib/angel/kernel.s                   0x00000000   Number         0  rtexit.o ABSOLUTE
    ../clib/angel/kernel.s                   0x00000000   Number         0  rtexit2.o ABSOLUTE
    ../clib/angel/rt.s                       0x00000000   Number         0  rt_raise.o ABSOLUTE
    ../clib/angel/rt.s                       0x00000000   Number         0  rt_locale.o ABSOLUTE
    ../clib/angel/rt.s                       0x00000000   Number         0  rt_locale_intlibspace.o ABSOLUTE
    ../clib/angel/scatter.s                  0x00000000   Number         0  __scatter.o ABSOLUTE
    ../clib/angel/startup.s                  0x00000000   Number         0  __main.o ABSOLUTE
    ../clib/angel/sys.s                      0x00000000   Number         0  indicate_semi.o ABSOLUTE
    ../clib/angel/sys.s                      0x00000000   Number         0  use_no_semi.o ABSOLUTE
    ../clib/angel/sys.s                      0x00000000   Number         0  libspace.o ABSOLUTE
    ../clib/angel/sys.s                      0x00000000   Number         0  sys_stackheap_outer.o ABSOLUTE
    ../clib/angel/sys.s                      0x00000000   Number         0  use_no_semi_2.o ABSOLUTE
    ../clib/angel/sysapp.c                   0x00000000   Number         0  sys_command.o ABSOLUTE
    ../clib/angel/sysapp.c                   0x00000000   Number         0  sys_wrch.o ABSOLUTE
    ../clib/armsys.c                         0x00000000   Number         0  argv_veneer.o ABSOLUTE
    ../clib/armsys.c                         0x00000000   Number         0  argv_veneer.o ABSOLUTE
    ../clib/armsys.c                         0x00000000   Number         0  no_argv.o ABSOLUTE
    ../clib/armsys.c                         0x00000000   Number         0  _get_argv_nomalloc.o ABSOLUTE
    ../clib/bigflt.c                         0x00000000   Number         0  bigflt0.o ABSOLUTE
    ../clib/btod.s                           0x00000000   Number         0  btod.o ABSOLUTE
    ../clib/heapalloc.c                      0x00000000   Number         0  hrguard.o ABSOLUTE
    ../clib/heapaux.c                        0x00000000   Number         0  heapauxi.o ABSOLUTE
    ../clib/libinit.s                        0x00000000   Number         0  libinit.o ABSOLUTE
    ../clib/libinit.s                        0x00000000   Number         0  libinit2.o ABSOLUTE
    ../clib/libinit.s                        0x00000000   Number         0  libshutdown.o ABSOLUTE
    ../clib/libinit.s                        0x00000000   Number         0  libshutdown2.o ABSOLUTE
    ../clib/locale.s                         0x00000000   Number         0  lc_numeric_c.o ABSOLUTE
    ../clib/longlong.s                       0x00000000   Number         0  lludiv10.o ABSOLUTE
    ../clib/memcpset.s                       0x00000000   Number         0  strcmpv7m.o ABSOLUTE
    ../clib/printf.c                         0x00000000   Number         0  noretval__2printf.o ABSOLUTE
    ../clib/printf.c                         0x00000000   Number         0  __printf.o ABSOLUTE
    ../clib/printf.c                         0x00000000   Number         0  __printf_flags.o ABSOLUTE
    ../clib/printf.c                         0x00000000   Number         0  __printf_ss.o ABSOLUTE
    ../clib/printf.c                         0x00000000   Number         0  __printf_flags_ss.o ABSOLUTE
    ../clib/printf.c                         0x00000000   Number         0  __printf_wp.o ABSOLUTE
    ../clib/printf.c                         0x00000000   Number         0  __printf_flags_wp.o ABSOLUTE
    ../clib/printf.c                         0x00000000   Number         0  __printf_ss_wp.o ABSOLUTE
    ../clib/printf.c                         0x00000000   Number         0  __printf_flags_ss_wp.o ABSOLUTE
    ../clib/printf.c                         0x00000000   Number         0  _printf_fp_dec.o ABSOLUTE
    ../clib/printf.c                         0x00000000   Number         0  _printf_fp_infnan.o ABSOLUTE
    ../clib/printf.c                         0x00000000   Number         0  _printf_char_common.o ABSOLUTE
    ../clib/printf.c                         0x00000000   Number         0  _printf_char_file.o ABSOLUTE
    ../clib/printf.c                         0x00000000   Number         0  __printf_nopercent.o ABSOLUTE
    ../clib/printf.c                         0x00000000   Number         0  __2printf.o ABSOLUTE
    ../clib/printf_percent.s                 0x00000000   Number         0  _printf_percent.o ABSOLUTE
    ../clib/printf_percent.s                 0x00000000   Number         0  _printf_percent_end.o ABSOLUTE
    ../clib/printf_percent.s                 0x00000000   Number         0  _printf_f.o ABSOLUTE
    ../clib/signal.c                         0x00000000   Number         0  defsig_other.o ABSOLUTE
    ../clib/signal.c                         0x00000000   Number         0  defsig_exit.o ABSOLUTE
    ../clib/signal.c                         0x00000000   Number         0  defsig_rtred_inner.o ABSOLUTE
    ../clib/signal.c                         0x00000000   Number         0  defsig_fpe_inner.o ABSOLUTE
    ../clib/signal.c                         0x00000000   Number         0  defsig_abrt_inner.o ABSOLUTE
    ../clib/signal.c                         0x00000000   Number         0  __raise.o ABSOLUTE
    ../clib/signal.c                         0x00000000   Number         0  defsig_rtmem_outer.o ABSOLUTE
    ../clib/signal.c                         0x00000000   Number         0  defsig_stak_inner.o ABSOLUTE
    ../clib/signal.c                         0x00000000   Number         0  defsig_general.o ABSOLUTE
    ../clib/signal.c                         0x00000000   Number         0  defsig_rtmem_formal.o ABSOLUTE
    ../clib/signal.c                         0x00000000   Number         0  defsig_segv_inner.o ABSOLUTE
    ../clib/signal.c                         0x00000000   Number         0  defsig_rtmem_inner.o ABSOLUTE
    ../clib/signal.c                         0x00000000   Number         0  defsig_cppl_inner.o ABSOLUTE
    ../clib/signal.c                         0x00000000   Number         0  defsig_pvfn_inner.o ABSOLUTE
    ../clib/signal.s                         0x00000000   Number         0  defsig.o ABSOLUTE
    ../clib/stdio.c                          0x00000000   Number         0  ferror_locked.o ABSOLUTE
    ../clib/stdio.c                          0x00000000   Number         0  ferror.o ABSOLUTE
    ../clib/stdlib.c                         0x00000000   Number         0  exit.o ABSOLUTE
    ../fplib/d2f.s                           0x00000000   Number         0  d2f.o ABSOLUTE
    ../fplib/ddiv.s                          0x00000000   Number         0  ddiv.o ABSOLUTE
    ../fplib/dflt.s                          0x00000000   Number         0  dflt_clz.o ABSOLUTE
    ../fplib/dnaninf.s                       0x00000000   Number         0  dnaninf.o ABSOLUTE
    ../fplib/dretinf.s                       0x00000000   Number         0  dretinf.o ABSOLUTE
    ../fplib/f2d.s                           0x00000000   Number         0  f2d.o ABSOLUTE
    ../fplib/fcmpi.s                         0x00000000   Number         0  fcmpi.o ABSOLUTE
    ../fplib/fleqf.s                         0x00000000   Number         0  fleqf.o ABSOLUTE
    ../fplib/fnaninf.s                       0x00000000   Number         0  fnaninf.o ABSOLUTE
    ../fplib/fpinit.s                        0x00000000   Number         0  fpinit.o ABSOLUTE
    ../fplib/fretinf.s                       0x00000000   Number         0  fretinf.o ABSOLUTE
    ../fplib/frleqf.s                        0x00000000   Number         0  frleqf.o ABSOLUTE
    ../fplib/istatus.s                       0x00000000   Number         0  istatus.o ABSOLUTE
    ../fplib/printf1.s                       0x00000000   Number         0  printf1.o ABSOLUTE
    ../fplib/usenofp.s                       0x00000000   Number         0  usenofp.o ABSOLUTE
    ../mathlib/fpclassify.c                  0x00000000   Number         0  fpclassify.o ABSOLUTE
    ..\CORE\core_cm3.c                       0x00000000   Number         0  core_cm3.o ABSOLUTE
    ..\CORE\startup_stm32f10x_md.s           0x00000000   Number         0  startup_stm32f10x_md.o ABSOLUTE
    ..\HARDWARE\KEY\key.c                    0x00000000   Number         0  key.o ABSOLUTE
    ..\HARDWARE\LED\led.c                    0x00000000   Number         0  led.o ABSOLUTE
    ..\HARDWARE\TIMER\timer.c                0x00000000   Number         0  timer.o ABSOLUTE
    ..\HARDWARE\UltrasonicWave\UltrasonicWave.c 0x00000000   Number         0  ultrasonicwave.o ABSOLUTE
    ..\HARDWARE\WDG\wdg.c                    0x00000000   Number         0  wdg.o ABSOLUTE
    ..\STM32F10x_FWLib\src\misc.c            0x00000000   Number         0  misc.o ABSOLUTE
    ..\STM32F10x_FWLib\src\stm32f10x_adc.c   0x00000000   Number         0  stm32f10x_adc.o ABSOLUTE
    ..\STM32F10x_FWLib\src\stm32f10x_bkp.c   0x00000000   Number         0  stm32f10x_bkp.o ABSOLUTE
    ..\STM32F10x_FWLib\src\stm32f10x_can.c   0x00000000   Number         0  stm32f10x_can.o ABSOLUTE
    ..\STM32F10x_FWLib\src\stm32f10x_cec.c   0x00000000   Number         0  stm32f10x_cec.o ABSOLUTE
    ..\STM32F10x_FWLib\src\stm32f10x_crc.c   0x00000000   Number         0  stm32f10x_crc.o ABSOLUTE
    ..\STM32F10x_FWLib\src\stm32f10x_dac.c   0x00000000   Number         0  stm32f10x_dac.o ABSOLUTE
    ..\STM32F10x_FWLib\src\stm32f10x_dbgmcu.c 0x00000000   Number         0  stm32f10x_dbgmcu.o ABSOLUTE
    ..\STM32F10x_FWLib\src\stm32f10x_dma.c   0x00000000   Number         0  stm32f10x_dma.o ABSOLUTE
    ..\STM32F10x_FWLib\src\stm32f10x_exti.c  0x00000000   Number         0  stm32f10x_exti.o ABSOLUTE
    ..\STM32F10x_FWLib\src\stm32f10x_flash.c 0x00000000   Number         0  stm32f10x_flash.o ABSOLUTE
    ..\STM32F10x_FWLib\src\stm32f10x_fsmc.c  0x00000000   Number         0  stm32f10x_fsmc.o ABSOLUTE
    ..\STM32F10x_FWLib\src\stm32f10x_gpio.c  0x00000000   Number         0  stm32f10x_gpio.o ABSOLUTE
    ..\STM32F10x_FWLib\src\stm32f10x_i2c.c   0x00000000   Number         0  stm32f10x_i2c.o ABSOLUTE
    ..\STM32F10x_FWLib\src\stm32f10x_iwdg.c  0x00000000   Number         0  stm32f10x_iwdg.o ABSOLUTE
    ..\STM32F10x_FWLib\src\stm32f10x_pwr.c   0x00000000   Number         0  stm32f10x_pwr.o ABSOLUTE
    ..\STM32F10x_FWLib\src\stm32f10x_rcc.c   0x00000000   Number         0  stm32f10x_rcc.o ABSOLUTE
    ..\STM32F10x_FWLib\src\stm32f10x_rtc.c   0x00000000   Number         0  stm32f10x_rtc.o ABSOLUTE
    ..\STM32F10x_FWLib\src\stm32f10x_sdio.c  0x00000000   Number         0  stm32f10x_sdio.o ABSOLUTE
    ..\STM32F10x_FWLib\src\stm32f10x_spi.c   0x00000000   Number         0  stm32f10x_spi.o ABSOLUTE
    ..\STM32F10x_FWLib\src\stm32f10x_tim.c   0x00000000   Number         0  stm32f10x_tim.o ABSOLUTE
    ..\STM32F10x_FWLib\src\stm32f10x_usart.c 0x00000000   Number         0  stm32f10x_usart.o ABSOLUTE
    ..\STM32F10x_FWLib\src\stm32f10x_wwdg.c  0x00000000   Number         0  stm32f10x_wwdg.o ABSOLUTE
    ..\SYSTEM\delay\delay.c                  0x00000000   Number         0  delay.o ABSOLUTE
    ..\SYSTEM\sys\sys.c                      0x00000000   Number         0  sys.o ABSOLUTE
    ..\SYSTEM\usart\usart.c                  0x00000000   Number         0  usart.o ABSOLUTE
    ..\\CORE\\core_cm3.c                     0x00000000   Number         0  core_cm3.o ABSOLUTE
    dc.s                                     0x00000000   Number         0  dc.o ABSOLUTE
    main.c                                   0x00000000   Number         0  main.o ABSOLUTE
    stm32f10x_it.c                           0x00000000   Number         0  stm32f10x_it.o ABSOLUTE
    system_stm32f10x.c                       0x00000000   Number         0  system_stm32f10x.o ABSOLUTE
    RESET                                    0x08000000   Section      236  startup_stm32f10x_md.o(RESET)
    !!!main                                  0x080000ec   Section        8  __main.o(!!!main)
    !!!scatter                               0x080000f4   Section       52  __scatter.o(!!!scatter)
    !!handler_copy                           0x08000128   Section       26  __scatter_copy.o(!!handler_copy)
    !!handler_zi                             0x08000144   Section       28  __scatter_zi.o(!!handler_zi)
    .ARM.Collect$$_printf_percent$$00000000  0x08000160   Section        0  _printf_percent.o(.ARM.Collect$$_printf_percent$$00000000)
    .ARM.Collect$$_printf_percent$$00000003  0x08000160   Section        6  _printf_f.o(.ARM.Collect$$_printf_percent$$00000003)
    .ARM.Collect$$_printf_percent$$00000017  0x08000166   Section        4  _printf_percent_end.o(.ARM.Collect$$_printf_percent$$00000017)
    .ARM.Collect$$libinit$$00000000          0x0800016a   Section        2  libinit.o(.ARM.Collect$$libinit$$00000000)
    .ARM.Collect$$libinit$$00000002          0x0800016c   Section        0  libinit2.o(.ARM.Collect$$libinit$$00000002)
    .ARM.Collect$$libinit$$00000008          0x0800016c   Section        0  libinit2.o(.ARM.Collect$$libinit$$00000008)
    .ARM.Collect$$libinit$$0000000A          0x0800016c   Section        0  libinit2.o(.ARM.Collect$$libinit$$0000000A)
    .ARM.Collect$$libinit$$0000000C          0x0800016c   Section        0  libinit2.o(.ARM.Collect$$libinit$$0000000C)
    .ARM.Collect$$libinit$$0000000D          0x0800016c   Section        6  libinit2.o(.ARM.Collect$$libinit$$0000000D)
    .ARM.Collect$$libinit$$0000000F          0x08000172   Section        0  libinit2.o(.ARM.Collect$$libinit$$0000000F)
    .ARM.Collect$$libinit$$00000011          0x08000172   Section        0  libinit2.o(.ARM.Collect$$libinit$$00000011)
    .ARM.Collect$$libinit$$00000013          0x08000172   Section        0  libinit2.o(.ARM.Collect$$libinit$$00000013)
    .ARM.Collect$$libinit$$00000014          0x08000172   Section       10  libinit2.o(.ARM.Collect$$libinit$$00000014)
    .ARM.Collect$$libinit$$00000015          0x0800017c   Section        0  libinit2.o(.ARM.Collect$$libinit$$00000015)
    .ARM.Collect$$libinit$$00000017          0x0800017c   Section        0  libinit2.o(.ARM.Collect$$libinit$$00000017)
    .ARM.Collect$$libinit$$00000019          0x0800017c   Section        0  libinit2.o(.ARM.Collect$$libinit$$00000019)
    .ARM.Collect$$libinit$$0000001B          0x0800017c   Section        0  libinit2.o(.ARM.Collect$$libinit$$0000001B)
    .ARM.Collect$$libinit$$0000001D          0x0800017c   Section        0  libinit2.o(.ARM.Collect$$libinit$$0000001D)
    .ARM.Collect$$libinit$$0000001F          0x0800017c   Section        0  libinit2.o(.ARM.Collect$$libinit$$0000001F)
    .ARM.Collect$$libinit$$00000021          0x0800017c   Section        0  libinit2.o(.ARM.Collect$$libinit$$00000021)
    .ARM.Collect$$libinit$$00000023          0x0800017c   Section        0  libinit2.o(.ARM.Collect$$libinit$$00000023)
    .ARM.Collect$$libinit$$0000002A          0x0800017c   Section        0  libinit2.o(.ARM.Collect$$libinit$$0000002A)
    .ARM.Collect$$libinit$$0000002C          0x0800017c   Section        0  libinit2.o(.ARM.Collect$$libinit$$0000002C)
    .ARM.Collect$$libinit$$0000002E          0x0800017c   Section        0  libinit2.o(.ARM.Collect$$libinit$$0000002E)
    .ARM.Collect$$libinit$$00000030          0x0800017c   Section        0  libinit2.o(.ARM.Collect$$libinit$$00000030)
    .ARM.Collect$$libinit$$00000031          0x0800017c   Section        2  libinit2.o(.ARM.Collect$$libinit$$00000031)
    .ARM.Collect$$libshutdown$$00000000      0x0800017e   Section        2  libshutdown.o(.ARM.Collect$$libshutdown$$00000000)
    .ARM.Collect$$libshutdown$$00000003      0x08000180   Section        0  libshutdown2.o(.ARM.Collect$$libshutdown$$00000003)
    .ARM.Collect$$libshutdown$$00000006      0x08000180   Section        0  libshutdown2.o(.ARM.Collect$$libshutdown$$00000006)
    .ARM.Collect$$libshutdown$$00000009      0x08000180   Section        0  libshutdown2.o(.ARM.Collect$$libshutdown$$00000009)
    .ARM.Collect$$libshutdown$$0000000B      0x08000180   Section        0  libshutdown2.o(.ARM.Collect$$libshutdown$$0000000B)
    .ARM.Collect$$libshutdown$$0000000E      0x08000180   Section        0  libshutdown2.o(.ARM.Collect$$libshutdown$$0000000E)
    .ARM.Collect$$libshutdown$$0000000F      0x08000180   Section        2  libshutdown2.o(.ARM.Collect$$libshutdown$$0000000F)
    .ARM.Collect$$rtentry$$00000000          0x08000182   Section        0  rtentry.o(.ARM.Collect$$rtentry$$00000000)
    .ARM.Collect$$rtentry$$00000002          0x08000182   Section        0  rtentry2.o(.ARM.Collect$$rtentry$$00000002)
    .ARM.Collect$$rtentry$$00000004          0x08000182   Section        6  rtentry4.o(.ARM.Collect$$rtentry$$00000004)
    .ARM.Collect$$rtentry$$00000009          0x08000188   Section        0  rtentry2.o(.ARM.Collect$$rtentry$$00000009)
    .ARM.Collect$$rtentry$$0000000A          0x08000188   Section        4  rtentry2.o(.ARM.Collect$$rtentry$$0000000A)
    .ARM.Collect$$rtentry$$0000000C          0x0800018c   Section        0  rtentry2.o(.ARM.Collect$$rtentry$$0000000C)
    .ARM.Collect$$rtentry$$0000000D          0x0800018c   Section        8  rtentry2.o(.ARM.Collect$$rtentry$$0000000D)
    .ARM.Collect$$rtexit$$00000000           0x08000194   Section        2  rtexit.o(.ARM.Collect$$rtexit$$00000000)
    .ARM.Collect$$rtexit$$00000002           0x08000196   Section        0  rtexit2.o(.ARM.Collect$$rtexit$$00000002)
    .ARM.Collect$$rtexit$$00000003           0x08000196   Section        4  rtexit2.o(.ARM.Collect$$rtexit$$00000003)
    .ARM.Collect$$rtexit$$00000004           0x0800019a   Section        6  rtexit2.o(.ARM.Collect$$rtexit$$00000004)
    .text                                    0x080001a0   Section        0  main.o(.text)
    .text                                    0x080001f0   Section        0  stm32f10x_it.o(.text)
    .text                                    0x0800020c   Section        0  system_stm32f10x.o(.text)
    SetSysClockTo72                          0x0800020d   Thumb Code   212  system_stm32f10x.o(.text)
    SetSysClock                              0x080002e1   Thumb Code     8  system_stm32f10x.o(.text)
    .text                                    0x080003e8   Section        0  led.o(.text)
    .text                                    0x0800044c   Section        0  key.o(.text)
    .text                                    0x08000530   Section        0  wdg.o(.text)
    .text                                    0x080005d8   Section        0  timer.o(.text)
    .text                                    0x0800064c   Section        0  ultrasonicwave.o(.text)
    .text                                    0x080007a4   Section        0  delay.o(.text)
    .text                                    0x0800084c   Section        0  sys.o(.text)
    .text                                    0x08000858   Section        0  usart.o(.text)
    .text                                    0x08000998   Section       64  startup_stm32f10x_md.o(.text)
    .text                                    0x080009d8   Section        0  misc.o(.text)
    .text                                    0x08000ab4   Section        0  stm32f10x_exti.o(.text)
    .text                                    0x08000bd0   Section        0  stm32f10x_gpio.o(.text)
    .text                                    0x08000f28   Section        0  stm32f10x_iwdg.o(.text)
    .text                                    0x08000f68   Section        0  stm32f10x_rcc.o(.text)
    .text                                    0x0800130c   Section        0  stm32f10x_tim.o(.text)
    TI4_Config                               0x080017b3   Thumb Code   130  stm32f10x_tim.o(.text)
    TI3_Config                               0x08001847   Thumb Code   122  stm32f10x_tim.o(.text)
    TI2_Config                               0x080018db   Thumb Code   130  stm32f10x_tim.o(.text)
    TI1_Config                               0x0800196f   Thumb Code   108  stm32f10x_tim.o(.text)
    .text                                    0x08002128   Section        0  stm32f10x_usart.o(.text)
    .text                                    0x08002530   Section        0  stm32f10x_wwdg.o(.text)
    .text                                    0x080025b8   Section        2  use_no_semi_2.o(.text)
    .text                                    0x080025bc   Section        0  noretval__2printf.o(.text)
    .text                                    0x080025d4   Section        0  __printf.o(.text)
    .text                                    0x0800263c   Section        0  heapauxi.o(.text)
    .text                                    0x08002642   Section        2  use_no_semi.o(.text)
    .text                                    0x08002644   Section        0  _printf_fp_dec.o(.text)
    _fp_digits                               0x08002647   Thumb Code   426  _printf_fp_dec.o(.text)
    .text                                    0x08002a64   Section        0  _printf_char_file.o(.text)
    .text                                    0x08002a88   Section        8  rt_locale_intlibspace.o(.text)
    .text                                    0x08002a90   Section      138  lludiv10.o(.text)
    .text                                    0x08002b1c   Section        0  _printf_char_common.o(.text)
    _printf_input_char                       0x08002b1d   Thumb Code    10  _printf_char_common.o(.text)
    .text                                    0x08002b4c   Section        0  _printf_fp_infnan.o(.text)
    .text                                    0x08002bcc   Section        0  bigflt0.o(.text)
    .text                                    0x08002cb0   Section        0  ferror.o(.text)
    .text                                    0x08002cb8   Section        8  libspace.o(.text)
    .text                                    0x08002cc0   Section       74  sys_stackheap_outer.o(.text)
    .text                                    0x08002d0a   Section        0  exit.o(.text)
    .text                                    0x08002d18   Section      128  strcmpv7m.o(.text)
    CL$$btod_d2e                             0x08002d98   Section       62  btod.o(CL$$btod_d2e)
    CL$$btod_d2e_denorm_low                  0x08002dd6   Section       70  btod.o(CL$$btod_d2e_denorm_low)
    CL$$btod_d2e_norm_op1                    0x08002e1c   Section       96  btod.o(CL$$btod_d2e_norm_op1)
    CL$$btod_div_common                      0x08002e7c   Section      824  btod.o(CL$$btod_div_common)
    CL$$btod_e2e                             0x080031b4   Section      198  btod.o(CL$$btod_e2e)
    CL$$btod_ediv                            0x0800327a   Section       40  btod.o(CL$$btod_ediv)
    CL$$btod_emul                            0x080032a2   Section       40  btod.o(CL$$btod_emul)
    CL$$btod_mult_common                     0x080032ca   Section      580  btod.o(CL$$btod_mult_common)
    i.__ARM_fpclassify                       0x0800350e   Section        0  fpclassify.o(i.__ARM_fpclassify)
    locale$$code                             0x08003538   Section       44  lc_numeric_c.o(locale$$code)
    x$fpl$d2f                                0x08003564   Section       98  d2f.o(x$fpl$d2f)
    x$fpl$ddiv                               0x080035c8   Section      688  ddiv.o(x$fpl$ddiv)
    ddiv_entry                               0x080035cf   Thumb Code     0  ddiv.o(x$fpl$ddiv)
    x$fpl$dflt                               0x08003878   Section       46  dflt_clz.o(x$fpl$dflt)
    x$fpl$dnaninf                            0x080038a6   Section      156  dnaninf.o(x$fpl$dnaninf)
    x$fpl$dretinf                            0x08003942   Section       12  dretinf.o(x$fpl$dretinf)
    x$fpl$f2d                                0x08003950   Section       86  f2d.o(x$fpl$f2d)
    x$fpl$fcmpinf                            0x080039a6   Section       24  fcmpi.o(x$fpl$fcmpinf)
    x$fpl$fleqf                              0x080039c0   Section      104  fleqf.o(x$fpl$fleqf)
    x$fpl$fnaninf                            0x08003a28   Section      140  fnaninf.o(x$fpl$fnaninf)
    x$fpl$fretinf                            0x08003ab4   Section       10  fretinf.o(x$fpl$fretinf)
    x$fpl$frleqf                             0x08003abe   Section       98  frleqf.o(x$fpl$frleqf)
    x$fpl$printf1                            0x08003b20   Section        4  printf1.o(x$fpl$printf1)
    .constdata                               0x08003b24   Section      148  bigflt0.o(.constdata)
    x$fpl$usenofp                            0x08003b24   Section        0  usenofp.o(x$fpl$usenofp)
    tenpwrs_x                                0x08003b24   Data          60  bigflt0.o(.constdata)
    tenpwrs_i                                0x08003b60   Data          64  bigflt0.o(.constdata)
    locale$$data                             0x08003bd8   Section       28  lc_numeric_c.o(locale$$data)
    __lcnum_c_name                           0x08003bdc   Data           2  lc_numeric_c.o(locale$$data)
    __lcnum_c_start                          0x08003be4   Data           0  lc_numeric_c.o(locale$$data)
    __lcnum_c_point                          0x08003bf0   Data           0  lc_numeric_c.o(locale$$data)
    __lcnum_c_thousands                      0x08003bf2   Data           0  lc_numeric_c.o(locale$$data)
    __lcnum_c_grouping                       0x08003bf3   Data           0  lc_numeric_c.o(locale$$data)
    __lcnum_c_end                            0x08003bf4   Data           0  lc_numeric_c.o(locale$$data)
    .data                                    0x20000000   Section       20  system_stm32f10x.o(.data)
    .data                                    0x20000014   Section        1  key.o(.data)
    key_up                                   0x20000014   Data           1  key.o(.data)
    .data                                    0x20000018   Section        4  ultrasonicwave.o(.data)
    .data                                    0x2000001c   Section        4  delay.o(.data)
    fac_us                                   0x2000001c   Data           1  delay.o(.data)
    fac_ms                                   0x2000001e   Data           2  delay.o(.data)
    .data                                    0x20000020   Section        8  usart.o(.data)
    .data                                    0x20000028   Section       20  stm32f10x_rcc.o(.data)
    APBAHBPrescTable                         0x20000028   Data          16  stm32f10x_rcc.o(.data)
    ADCPrescTable                            0x20000038   Data           4  stm32f10x_rcc.o(.data)
    .bss                                     0x2000003c   Section       64  usart.o(.bss)
    .bss                                     0x2000007c   Section       96  libspace.o(.bss)
    HEAP                                     0x200000e0   Section      512  startup_stm32f10x_md.o(HEAP)
    Heap_Mem                                 0x200000e0   Data         512  startup_stm32f10x_md.o(HEAP)
    STACK                                    0x200002e0   Section     1024  startup_stm32f10x_md.o(STACK)
    Stack_Mem                                0x200002e0   Data        1024  startup_stm32f10x_md.o(STACK)
    __initial_sp                             0x200006e0   Data           0  startup_stm32f10x_md.o(STACK)

    Global Symbols

    Symbol Name                              Value     Ov Type        Size  Object(Section)

    BuildAttributes$$THM_ISAv4$P$D$K$B$S$PE$A:L22UL41UL21$X:L11$S22US41US21$IEEE1$IW$USESV6$~STKCKD$USESV7$~SHL$OTIME$ROPI$IEEEJ$EBA8$UX$STANDARDLIB$REQ8$PRES8$EABIv2 0x00000000   Number         0  anon$$obj.o ABSOLUTE
    __ARM_use_no_argv                        0x00000000   Number         0  main.o ABSOLUTE
    __ARM_exceptions_init                     - Undefined Weak Reference
    __alloca_initialize                       - Undefined Weak Reference
    __cpp_initialize__aeabi_                  - Undefined Weak Reference
    __cxa_finalize                            - Undefined Weak Reference
    __sigvec_lookup                           - Undefined Weak Reference
    _atexit_init                              - Undefined Weak Reference
    _call_atexit_fns                          - Undefined Weak Reference
    _clock_init                               - Undefined Weak Reference
    _fp_trap_init                             - Undefined Weak Reference
    _fp_trap_shutdown                         - Undefined Weak Reference
    _get_lc_collate                           - Undefined Weak Reference
    _get_lc_ctype                             - Undefined Weak Reference
    _get_lc_monetary                          - Undefined Weak Reference
    _get_lc_time                              - Undefined Weak Reference
    _getenv_init                              - Undefined Weak Reference
    _handle_redirection                       - Undefined Weak Reference
    _init_alloc                               - Undefined Weak Reference
    _init_user_alloc                          - Undefined Weak Reference
    _initio                                   - Undefined Weak Reference
    _mutex_acquire                            - Undefined Weak Reference
    _mutex_release                            - Undefined Weak Reference
    _printf_post_padding                      - Undefined Weak Reference
    _printf_pre_padding                       - Undefined Weak Reference
    _rand_init                                - Undefined Weak Reference
    _signal_finish                            - Undefined Weak Reference
    _signal_init                              - Undefined Weak Reference
    _terminate_alloc                          - Undefined Weak Reference
    _terminate_user_alloc                     - Undefined Weak Reference
    _terminateio                              - Undefined Weak Reference
    __Vectors_Size                           0x000000ec   Number         0  startup_stm32f10x_md.o ABSOLUTE
    __Vectors                                0x08000000   Data           4  startup_stm32f10x_md.o(RESET)
    __Vectors_End                            0x080000ec   Data           0  startup_stm32f10x_md.o(RESET)
    __main                                   0x080000ed   Thumb Code     8  __main.o(!!!main)
    __scatterload                            0x080000f5   Thumb Code     0  __scatter.o(!!!scatter)
    __scatterload_rt2                        0x080000f5   Thumb Code    44  __scatter.o(!!!scatter)
    __scatterload_rt2_thumb_only             0x080000f5   Thumb Code     0  __scatter.o(!!!scatter)
    __scatterload_null                       0x08000103   Thumb Code     0  __scatter.o(!!!scatter)
    __scatterload_copy                       0x08000129   Thumb Code    26  __scatter_copy.o(!!handler_copy)
    __scatterload_zeroinit                   0x08000145   Thumb Code    28  __scatter_zi.o(!!handler_zi)
    _printf_f                                0x08000161   Thumb Code     0  _printf_f.o(.ARM.Collect$$_printf_percent$$00000003)
    _printf_percent                          0x08000161   Thumb Code     0  _printf_percent.o(.ARM.Collect$$_printf_percent$$00000000)
    _printf_percent_end                      0x08000167   Thumb Code     0  _printf_percent_end.o(.ARM.Collect$$_printf_percent$$00000017)
    __rt_lib_init                            0x0800016b   Thumb Code     0  libinit.o(.ARM.Collect$$libinit$$00000000)
    __rt_lib_init_fp_1                       0x0800016d   Thumb Code     0  libinit2.o(.ARM.Collect$$libinit$$00000002)
    __rt_lib_init_heap_1                     0x0800016d   Thumb Code     0  libinit2.o(.ARM.Collect$$libinit$$00000008)
    __rt_lib_init_lc_common                  0x0800016d   Thumb Code     0  libinit2.o(.ARM.Collect$$libinit$$0000000D)
    __rt_lib_init_rand_1                     0x0800016d   Thumb Code     0  libinit2.o(.ARM.Collect$$libinit$$0000000C)
    __rt_lib_init_user_alloc_1               0x0800016d   Thumb Code     0  libinit2.o(.ARM.Collect$$libinit$$0000000A)
    __rt_lib_init_lc_collate_1               0x08000173   Thumb Code     0  libinit2.o(.ARM.Collect$$libinit$$0000000F)
    __rt_lib_init_lc_ctype_1                 0x08000173   Thumb Code     0  libinit2.o(.ARM.Collect$$libinit$$00000011)
    __rt_lib_init_lc_monetary_1              0x08000173   Thumb Code     0  libinit2.o(.ARM.Collect$$libinit$$00000013)
    __rt_lib_init_lc_numeric_2               0x08000173   Thumb Code     0  libinit2.o(.ARM.Collect$$libinit$$00000014)
    __rt_lib_init_alloca_1                   0x0800017d   Thumb Code     0  libinit2.o(.ARM.Collect$$libinit$$0000002C)
    __rt_lib_init_argv_1                     0x0800017d   Thumb Code     0  libinit2.o(.ARM.Collect$$libinit$$0000002A)
    __rt_lib_init_atexit_1                   0x0800017d   Thumb Code     0  libinit2.o(.ARM.Collect$$libinit$$00000019)
    __rt_lib_init_clock_1                    0x0800017d   Thumb Code     0  libinit2.o(.ARM.Collect$$libinit$$0000001F)
    __rt_lib_init_cpp_1                      0x0800017d   Thumb Code     0  libinit2.o(.ARM.Collect$$libinit$$00000030)
    __rt_lib_init_exceptions_1               0x0800017d   Thumb Code     0  libinit2.o(.ARM.Collect$$libinit$$0000002E)
    __rt_lib_init_fp_trap_1                  0x0800017d   Thumb Code     0  libinit2.o(.ARM.Collect$$libinit$$0000001D)
    __rt_lib_init_getenv_1                   0x0800017d   Thumb Code     0  libinit2.o(.ARM.Collect$$libinit$$00000021)
    __rt_lib_init_lc_numeric_1               0x0800017d   Thumb Code     0  libinit2.o(.ARM.Collect$$libinit$$00000015)
    __rt_lib_init_lc_time_1                  0x0800017d   Thumb Code     0  libinit2.o(.ARM.Collect$$libinit$$00000017)
    __rt_lib_init_return                     0x0800017d   Thumb Code     0  libinit2.o(.ARM.Collect$$libinit$$00000031)
    __rt_lib_init_signal_1                   0x0800017d   Thumb Code     0  libinit2.o(.ARM.Collect$$libinit$$0000001B)
    __rt_lib_init_stdio_1                    0x0800017d   Thumb Code     0  libinit2.o(.ARM.Collect$$libinit$$00000023)
    __rt_lib_shutdown                        0x0800017f   Thumb Code     0  libshutdown.o(.ARM.Collect$$libshutdown$$00000000)
    __rt_lib_shutdown_fp_trap_1              0x08000181   Thumb Code     0  libshutdown2.o(.ARM.Collect$$libshutdown$$00000006)
    __rt_lib_shutdown_heap_1                 0x08000181   Thumb Code     0  libshutdown2.o(.ARM.Collect$$libshutdown$$0000000E)
    __rt_lib_shutdown_return                 0x08000181   Thumb Code     0  libshutdown2.o(.ARM.Collect$$libshutdown$$0000000F)
    __rt_lib_shutdown_signal_1               0x08000181   Thumb Code     0  libshutdown2.o(.ARM.Collect$$libshutdown$$00000009)
    __rt_lib_shutdown_stdio_1                0x08000181   Thumb Code     0  libshutdown2.o(.ARM.Collect$$libshutdown$$00000003)
    __rt_lib_shutdown_user_alloc_1           0x08000181   Thumb Code     0  libshutdown2.o(.ARM.Collect$$libshutdown$$0000000B)
    __rt_entry                               0x08000183   Thumb Code     0  rtentry.o(.ARM.Collect$$rtentry$$00000000)
    __rt_entry_presh_1                       0x08000183   Thumb Code     0  rtentry2.o(.ARM.Collect$$rtentry$$00000002)
    __rt_entry_sh                            0x08000183   Thumb Code     0  rtentry4.o(.ARM.Collect$$rtentry$$00000004)
    __rt_entry_li                            0x08000189   Thumb Code     0  rtentry2.o(.ARM.Collect$$rtentry$$0000000A)
    __rt_entry_postsh_1                      0x08000189   Thumb Code     0  rtentry2.o(.ARM.Collect$$rtentry$$00000009)
    __rt_entry_main                          0x0800018d   Thumb Code     0  rtentry2.o(.ARM.Collect$$rtentry$$0000000D)
    __rt_entry_postli_1                      0x0800018d   Thumb Code     0  rtentry2.o(.ARM.Collect$$rtentry$$0000000C)
    __rt_exit                                0x08000195   Thumb Code     0  rtexit.o(.ARM.Collect$$rtexit$$00000000)
    __rt_exit_ls                             0x08000197   Thumb Code     0  rtexit2.o(.ARM.Collect$$rtexit$$00000003)
    __rt_exit_prels_1                        0x08000197   Thumb Code     0  rtexit2.o(.ARM.Collect$$rtexit$$00000002)
    __rt_exit_exit                           0x0800019b   Thumb Code     0  rtexit2.o(.ARM.Collect$$rtexit$$00000004)
    main                                     0x080001a1   Thumb Code    74  main.o(.text)
    NMI_Handler                              0x080001f1   Thumb Code     2  stm32f10x_it.o(.text)
    HardFault_Handler                        0x080001f3   Thumb Code     4  stm32f10x_it.o(.text)
    MemManage_Handler                        0x080001f7   Thumb Code     4  stm32f10x_it.o(.text)
    BusFault_Handler                         0x080001fb   Thumb Code     4  stm32f10x_it.o(.text)
    UsageFault_Handler                       0x080001ff   Thumb Code     4  stm32f10x_it.o(.text)
    SVC_Handler                              0x08000203   Thumb Code     2  stm32f10x_it.o(.text)
    DebugMon_Handler                         0x08000205   Thumb Code     2  stm32f10x_it.o(.text)
    PendSV_Handler                           0x08000207   Thumb Code     2  stm32f10x_it.o(.text)
    SysTick_Handler                          0x08000209   Thumb Code     2  stm32f10x_it.o(.text)
    SystemInit                               0x080002e9   Thumb Code    78  system_stm32f10x.o(.text)
    SystemCoreClockUpdate                    0x08000337   Thumb Code   142  system_stm32f10x.o(.text)
    LED_Init                                 0x080003e9   Thumb Code    92  led.o(.text)
    KEY_Init                                 0x0800044d   Thumb Code    54  key.o(.text)
    KEY_Scan                                 0x08000483   Thumb Code   144  key.o(.text)
    IWDG_Init                                0x08000531   Thumb Code    36  wdg.o(.text)
    IWDG_Feed                                0x08000555   Thumb Code     8  wdg.o(.text)
    WWDG_NVIC_Init                           0x0800055d   Thumb Code    28  wdg.o(.text)
    WWDG_Init                                0x08000579   Thumb Code    48  wdg.o(.text)
    WWDG_Set_Counter                         0x080005a9   Thumb Code    12  wdg.o(.text)
    WWDG_IRQHandler                          0x080005b5   Thumb Code    30  wdg.o(.text)
    Timerx_Init                              0x080005d9   Thumb Code    92  timer.o(.text)
    TIM2_IRQHandler                          0x08000635   Thumb Code    22  timer.o(.text)
    UltrasonicWave_Configuration             0x0800064d   Thumb Code   132  ultrasonicwave.o(.text)
    EXTI9_5_IRQHandler                       0x080006d1   Thumb Code   148  ultrasonicwave.o(.text)
    UltrasonicWave_StartMeasure              0x08000765   Thumb Code    30  ultrasonicwave.o(.text)
    delay_init                               0x080007a5   Thumb Code    50  delay.o(.text)
    delay_ms                                 0x080007d7   Thumb Code    54  delay.o(.text)
    delay_us                                 0x0800080d   Thumb Code    54  delay.o(.text)
    NVIC_Configuration                       0x0800084d   Thumb Code    12  sys.o(.text)
    _sys_exit                                0x08000859   Thumb Code     6  usart.o(.text)
    fputc                                    0x0800085f   Thumb Code    22  usart.o(.text)
    uart_init                                0x08000875   Thumb Code   152  usart.o(.text)
    USART1_IRQHandler                        0x0800090d   Thumb Code   122  usart.o(.text)
    Reset_Handler                            0x08000999   Thumb Code     8  startup_stm32f10x_md.o(.text)
    ADC1_2_IRQHandler                        0x080009b3   Thumb Code     0  startup_stm32f10x_md.o(.text)
    CAN1_RX1_IRQHandler                      0x080009b3   Thumb Code     0  startup_stm32f10x_md.o(.text)
    CAN1_SCE_IRQHandler                      0x080009b3   Thumb Code     0  startup_stm32f10x_md.o(.text)
    DMA1_Channel1_IRQHandler                 0x080009b3   Thumb Code     0  startup_stm32f10x_md.o(.text)
    DMA1_Channel2_IRQHandler                 0x080009b3   Thumb Code     0  startup_stm32f10x_md.o(.text)
    DMA1_Channel3_IRQHandler                 0x080009b3   Thumb Code     0  startup_stm32f10x_md.o(.text)
    DMA1_Channel4_IRQHandler                 0x080009b3   Thumb Code     0  startup_stm32f10x_md.o(.text)
    DMA1_Channel5_IRQHandler                 0x080009b3   Thumb Code     0  startup_stm32f10x_md.o(.text)
    DMA1_Channel6_IRQHandler                 0x080009b3   Thumb Code     0  startup_stm32f10x_md.o(.text)
    DMA1_Channel7_IRQHandler                 0x080009b3   Thumb Code     0  startup_stm32f10x_md.o(.text)
    EXTI0_IRQHandler                         0x080009b3   Thumb Code     0  startup_stm32f10x_md.o(.text)
    EXTI15_10_IRQHandler                     0x080009b3   Thumb Code     0  startup_stm32f10x_md.o(.text)
    EXTI1_IRQHandler                         0x080009b3   Thumb Code     0  startup_stm32f10x_md.o(.text)
    EXTI2_IRQHandler                         0x080009b3   Thumb Code     0  startup_stm32f10x_md.o(.text)
    EXTI3_IRQHandler                         0x080009b3   Thumb Code     0  startup_stm32f10x_md.o(.text)
    EXTI4_IRQHandler                         0x080009b3   Thumb Code     0  startup_stm32f10x_md.o(.text)
    FLASH_IRQHandler                         0x080009b3   Thumb Code     0  startup_stm32f10x_md.o(.text)
    I2C1_ER_IRQHandler                       0x080009b3   Thumb Code     0  startup_stm32f10x_md.o(.text)
    I2C1_EV_IRQHandler                       0x080009b3   Thumb Code     0  startup_stm32f10x_md.o(.text)
    I2C2_ER_IRQHandler                       0x080009b3   Thumb Code     0  startup_stm32f10x_md.o(.text)
    I2C2_EV_IRQHandler                       0x080009b3   Thumb Code     0  startup_stm32f10x_md.o(.text)
    PVD_IRQHandler                           0x080009b3   Thumb Code     0  startup_stm32f10x_md.o(.text)
    RCC_IRQHandler                           0x080009b3   Thumb Code     0  startup_stm32f10x_md.o(.text)
    RTCAlarm_IRQHandler                      0x080009b3   Thumb Code     0  startup_stm32f10x_md.o(.text)
    RTC_IRQHandler                           0x080009b3   Thumb Code     0  startup_stm32f10x_md.o(.text)
    SPI1_IRQHandler                          0x080009b3   Thumb Code     0  startup_stm32f10x_md.o(.text)
    SPI2_IRQHandler                          0x080009b3   Thumb Code     0  startup_stm32f10x_md.o(.text)
    TAMPER_IRQHandler                        0x080009b3   Thumb Code     0  startup_stm32f10x_md.o(.text)
    TIM1_BRK_IRQHandler                      0x080009b3   Thumb Code     0  startup_stm32f10x_md.o(.text)
    TIM1_CC_IRQHandler                       0x080009b3   Thumb Code     0  startup_stm32f10x_md.o(.text)
    TIM1_TRG_COM_IRQHandler                  0x080009b3   Thumb Code     0  startup_stm32f10x_md.o(.text)
    TIM1_UP_IRQHandler                       0x080009b3   Thumb Code     0  startup_stm32f10x_md.o(.text)
    TIM3_IRQHandler                          0x080009b3   Thumb Code     0  startup_stm32f10x_md.o(.text)
    TIM4_IRQHandler                          0x080009b3   Thumb Code     0  startup_stm32f10x_md.o(.text)
    USART2_IRQHandler                        0x080009b3   Thumb Code     0  startup_stm32f10x_md.o(.text)
    USART3_IRQHandler                        0x080009b3   Thumb Code     0  startup_stm32f10x_md.o(.text)
    USBWakeUp_IRQHandler                     0x080009b3   Thumb Code     0  startup_stm32f10x_md.o(.text)
    USB_HP_CAN1_TX_IRQHandler                0x080009b3   Thumb Code     0  startup_stm32f10x_md.o(.text)
    USB_LP_CAN1_RX0_IRQHandler               0x080009b3   Thumb Code     0  startup_stm32f10x_md.o(.text)
    __user_initial_stackheap                 0x080009b5   Thumb Code     0  startup_stm32f10x_md.o(.text)
    NVIC_PriorityGroupConfig                 0x080009d9   Thumb Code    10  misc.o(.text)
    NVIC_Init                                0x080009e3   Thumb Code   102  misc.o(.text)
    NVIC_SetVectorTable                      0x08000a49   Thumb Code    14  misc.o(.text)
    NVIC_SystemLPConfig                      0x08000a57   Thumb Code    34  misc.o(.text)
    SysTick_CLKSourceConfig                  0x08000a79   Thumb Code    40  misc.o(.text)
    EXTI_DeInit                              0x08000ab5   Thumb Code    28  stm32f10x_exti.o(.text)
    EXTI_Init                                0x08000ad1   Thumb Code   142  stm32f10x_exti.o(.text)
    EXTI_StructInit                          0x08000b5f   Thumb Code    16  stm32f10x_exti.o(.text)
    EXTI_GenerateSWInterrupt                 0x08000b6f   Thumb Code    16  stm32f10x_exti.o(.text)
    EXTI_GetFlagStatus                       0x08000b7f   Thumb Code    22  stm32f10x_exti.o(.text)
    EXTI_ClearFlag                           0x08000b95   Thumb Code     8  stm32f10x_exti.o(.text)
    EXTI_GetITStatus                         0x08000b9d   Thumb Code    34  stm32f10x_exti.o(.text)
    EXTI_ClearITPendingBit                   0x08000bbf   Thumb Code     8  stm32f10x_exti.o(.text)
    GPIO_DeInit                              0x08000bd1   Thumb Code   172  stm32f10x_gpio.o(.text)
    GPIO_AFIODeInit                          0x08000c7d   Thumb Code    20  stm32f10x_gpio.o(.text)
    GPIO_Init                                0x08000c91   Thumb Code   274  stm32f10x_gpio.o(.text)
    GPIO_StructInit                          0x08000da3   Thumb Code    16  stm32f10x_gpio.o(.text)
    GPIO_ReadInputDataBit                    0x08000db3   Thumb Code    18  stm32f10x_gpio.o(.text)
    GPIO_ReadInputData                       0x08000dc5   Thumb Code     8  stm32f10x_gpio.o(.text)
    GPIO_ReadOutputDataBit                   0x08000dcd   Thumb Code    18  stm32f10x_gpio.o(.text)
    GPIO_ReadOutputData                      0x08000ddf   Thumb Code     8  stm32f10x_gpio.o(.text)
    GPIO_SetBits                             0x08000de7   Thumb Code     4  stm32f10x_gpio.o(.text)
    GPIO_ResetBits                           0x08000deb   Thumb Code     4  stm32f10x_gpio.o(.text)
    GPIO_WriteBit                            0x08000def   Thumb Code    10  stm32f10x_gpio.o(.text)
    GPIO_Write                               0x08000df9   Thumb Code     4  stm32f10x_gpio.o(.text)
    GPIO_PinLockConfig                       0x08000dfd   Thumb Code    18  stm32f10x_gpio.o(.text)
    GPIO_EventOutputConfig                   0x08000e0f   Thumb Code    26  stm32f10x_gpio.o(.text)
    GPIO_EventOutputCmd                      0x08000e29   Thumb Code     6  stm32f10x_gpio.o(.text)
    GPIO_PinRemapConfig                      0x08000e2f   Thumb Code   138  stm32f10x_gpio.o(.text)
    GPIO_EXTILineConfig                      0x08000eb9   Thumb Code    66  stm32f10x_gpio.o(.text)
    GPIO_ETH_MediaInterfaceConfig            0x08000efb   Thumb Code     6  stm32f10x_gpio.o(.text)
    IWDG_WriteAccessCmd                      0x08000f29   Thumb Code     6  stm32f10x_iwdg.o(.text)
    IWDG_SetPrescaler                        0x08000f2f   Thumb Code     6  stm32f10x_iwdg.o(.text)
    IWDG_SetReload                           0x08000f35   Thumb Code     6  stm32f10x_iwdg.o(.text)
    IWDG_ReloadCounter                       0x08000f3b   Thumb Code    10  stm32f10x_iwdg.o(.text)
    IWDG_Enable                              0x08000f45   Thumb Code    10  stm32f10x_iwdg.o(.text)
    IWDG_GetFlagStatus                       0x08000f4f   Thumb Code    20  stm32f10x_iwdg.o(.text)
    RCC_DeInit                               0x08000f69   Thumb Code    64  stm32f10x_rcc.o(.text)
    RCC_HSEConfig                            0x08000fa9   Thumb Code    70  stm32f10x_rcc.o(.text)
    RCC_GetFlagStatus                        0x08000fef   Thumb Code    56  stm32f10x_rcc.o(.text)
    RCC_WaitForHSEStartUp                    0x08001027   Thumb Code    56  stm32f10x_rcc.o(.text)
    RCC_AdjustHSICalibrationValue            0x0800105f   Thumb Code    20  stm32f10x_rcc.o(.text)
    RCC_HSICmd                               0x08001073   Thumb Code     6  stm32f10x_rcc.o(.text)
    RCC_PLLConfig                            0x08001079   Thumb Code    24  stm32f10x_rcc.o(.text)
    RCC_PLLCmd                               0x08001091   Thumb Code     6  stm32f10x_rcc.o(.text)
    RCC_SYSCLKConfig                         0x08001097   Thumb Code    18  stm32f10x_rcc.o(.text)
    RCC_GetSYSCLKSource                      0x080010a9   Thumb Code    10  stm32f10x_rcc.o(.text)
    RCC_HCLKConfig                           0x080010b3   Thumb Code    18  stm32f10x_rcc.o(.text)
    RCC_PCLK1Config                          0x080010c5   Thumb Code    18  stm32f10x_rcc.o(.text)
    RCC_PCLK2Config                          0x080010d7   Thumb Code    20  stm32f10x_rcc.o(.text)
    RCC_ITConfig                             0x080010eb   Thumb Code    26  stm32f10x_rcc.o(.text)
    RCC_USBCLKConfig                         0x08001105   Thumb Code     6  stm32f10x_rcc.o(.text)
    RCC_ADCCLKConfig                         0x0800110b   Thumb Code    18  stm32f10x_rcc.o(.text)
    RCC_LSEConfig                            0x0800111d   Thumb Code    44  stm32f10x_rcc.o(.text)
    RCC_LSICmd                               0x08001149   Thumb Code     6  stm32f10x_rcc.o(.text)
    RCC_RTCCLKConfig                         0x0800114f   Thumb Code    12  stm32f10x_rcc.o(.text)
    RCC_RTCCLKCmd                            0x0800115b   Thumb Code     8  stm32f10x_rcc.o(.text)
    RCC_GetClocksFreq                        0x08001163   Thumb Code   192  stm32f10x_rcc.o(.text)
    RCC_AHBPeriphClockCmd                    0x08001223   Thumb Code    26  stm32f10x_rcc.o(.text)
    RCC_APB2PeriphClockCmd                   0x0800123d   Thumb Code    26  stm32f10x_rcc.o(.text)
    RCC_APB1PeriphClockCmd                   0x08001257   Thumb Code    26  stm32f10x_rcc.o(.text)
    RCC_APB2PeriphResetCmd                   0x08001271   Thumb Code    26  stm32f10x_rcc.o(.text)
    RCC_APB1PeriphResetCmd                   0x0800128b   Thumb Code    26  stm32f10x_rcc.o(.text)
    RCC_BackupResetCmd                       0x080012a5   Thumb Code     8  stm32f10x_rcc.o(.text)
    RCC_ClockSecuritySystemCmd               0x080012ad   Thumb Code     6  stm32f10x_rcc.o(.text)
    RCC_MCOConfig                            0x080012b3   Thumb Code     6  stm32f10x_rcc.o(.text)
    RCC_ClearFlag                            0x080012b9   Thumb Code    14  stm32f10x_rcc.o(.text)
    RCC_GetITStatus                          0x080012c7   Thumb Code    20  stm32f10x_rcc.o(.text)
    RCC_ClearITPendingBit                    0x080012db   Thumb Code     6  stm32f10x_rcc.o(.text)
    TIM_DeInit                               0x0800130d   Thumb Code   424  stm32f10x_tim.o(.text)
    TIM_TimeBaseInit                         0x080014b5   Thumb Code   122  stm32f10x_tim.o(.text)
    TIM_OC1Init                              0x0800152f   Thumb Code   132  stm32f10x_tim.o(.text)
    TIM_OC2Init                              0x080015b3   Thumb Code   154  stm32f10x_tim.o(.text)
    TIM_OC3Init                              0x0800164d   Thumb Code   150  stm32f10x_tim.o(.text)
    TIM_OC4Init                              0x080016e3   Thumb Code   182  stm32f10x_tim.o(.text)
    TIM_SetIC4Prescaler                      0x08001799   Thumb Code    26  stm32f10x_tim.o(.text)
    TIM_SetIC3Prescaler                      0x08001835   Thumb Code    18  stm32f10x_tim.o(.text)
    TIM_SetIC2Prescaler                      0x080018c1   Thumb Code    26  stm32f10x_tim.o(.text)
    TIM_SetIC1Prescaler                      0x0800195d   Thumb Code    18  stm32f10x_tim.o(.text)
    TIM_ICInit                               0x080019db   Thumb Code   150  stm32f10x_tim.o(.text)
    TIM_PWMIConfig                           0x08001a71   Thumb Code   124  stm32f10x_tim.o(.text)
    TIM_BDTRConfig                           0x08001aed   Thumb Code    32  stm32f10x_tim.o(.text)
    TIM_TimeBaseStructInit                   0x08001b0d   Thumb Code    18  stm32f10x_tim.o(.text)
    TIM_OCStructInit                         0x08001b1f   Thumb Code    20  stm32f10x_tim.o(.text)
    TIM_ICStructInit                         0x08001b33   Thumb Code    18  stm32f10x_tim.o(.text)
    TIM_BDTRStructInit                       0x08001b45   Thumb Code    40  stm32f10x_tim.o(.text)
    TIM_Cmd                                  0x08001b6d   Thumb Code    24  stm32f10x_tim.o(.text)
    TIM_CtrlPWMOutputs                       0x08001b85   Thumb Code    30  stm32f10x_tim.o(.text)
    TIM_ITConfig                             0x08001ba3   Thumb Code    18  stm32f10x_tim.o(.text)
    TIM_GenerateEvent                        0x08001bb5   Thumb Code     4  stm32f10x_tim.o(.text)
    TIM_DMAConfig                            0x08001bb9   Thumb Code    10  stm32f10x_tim.o(.text)
    TIM_DMACmd                               0x08001bc3   Thumb Code    18  stm32f10x_tim.o(.text)
    TIM_InternalClockConfig                  0x08001bd5   Thumb Code    12  stm32f10x_tim.o(.text)
    TIM_SelectInputTrigger                   0x08001be1   Thumb Code    18  stm32f10x_tim.o(.text)
    TIM_ITRxExternalClockConfig              0x08001bf3   Thumb Code    24  stm32f10x_tim.o(.text)
    TIM_TIxExternalClockConfig               0x08001c0b   Thumb Code    62  stm32f10x_tim.o(.text)
    TIM_ETRConfig                            0x08001c49   Thumb Code    28  stm32f10x_tim.o(.text)
    TIM_ETRClockMode1Config                  0x08001c65   Thumb Code    54  stm32f10x_tim.o(.text)
    TIM_ETRClockMode2Config                  0x08001c9b   Thumb Code    32  stm32f10x_tim.o(.text)
    TIM_PrescalerConfig                      0x08001cbb   Thumb Code     6  stm32f10x_tim.o(.text)
    TIM_CounterModeConfig                    0x08001cc1   Thumb Code    18  stm32f10x_tim.o(.text)
    TIM_EncoderInterfaceConfig               0x08001cd3   Thumb Code    66  stm32f10x_tim.o(.text)
    TIM_ForcedOC1Config                      0x08001d15   Thumb Code    18  stm32f10x_tim.o(.text)
    TIM_ForcedOC2Config                      0x08001d27   Thumb Code    26  stm32f10x_tim.o(.text)
    TIM_ForcedOC3Config                      0x08001d41   Thumb Code    18  stm32f10x_tim.o(.text)
    TIM_ForcedOC4Config                      0x08001d53   Thumb Code    26  stm32f10x_tim.o(.text)
    TIM_ARRPreloadConfig                     0x08001d6d   Thumb Code    24  stm32f10x_tim.o(.text)
    TIM_SelectCOM                            0x08001d85   Thumb Code    24  stm32f10x_tim.o(.text)
    TIM_SelectCCDMA                          0x08001d9d   Thumb Code    24  stm32f10x_tim.o(.text)
    TIM_CCPreloadControl                     0x08001db5   Thumb Code    24  stm32f10x_tim.o(.text)
    TIM_OC1PreloadConfig                     0x08001dcd   Thumb Code    18  stm32f10x_tim.o(.text)
    TIM_OC2PreloadConfig                     0x08001ddf   Thumb Code    26  stm32f10x_tim.o(.text)
    TIM_OC3PreloadConfig                     0x08001df9   Thumb Code    18  stm32f10x_tim.o(.text)
    TIM_OC4PreloadConfig                     0x08001e0b   Thumb Code    26  stm32f10x_tim.o(.text)
    TIM_OC1FastConfig                        0x08001e25   Thumb Code    18  stm32f10x_tim.o(.text)
    TIM_OC2FastConfig                        0x08001e37   Thumb Code    26  stm32f10x_tim.o(.text)
    TIM_OC3FastConfig                        0x08001e51   Thumb Code    18  stm32f10x_tim.o(.text)
    TIM_OC4FastConfig                        0x08001e63   Thumb Code    26  stm32f10x_tim.o(.text)
    TIM_ClearOC1Ref                          0x08001e7d   Thumb Code    18  stm32f10x_tim.o(.text)
    TIM_ClearOC2Ref                          0x08001e8f   Thumb Code    24  stm32f10x_tim.o(.text)
    TIM_ClearOC3Ref                          0x08001ea7   Thumb Code    18  stm32f10x_tim.o(.text)
    TIM_ClearOC4Ref                          0x08001eb9   Thumb Code    24  stm32f10x_tim.o(.text)
    TIM_OC1PolarityConfig                    0x08001ed1   Thumb Code    18  stm32f10x_tim.o(.text)
    TIM_OC1NPolarityConfig                   0x08001ee3   Thumb Code    18  stm32f10x_tim.o(.text)
    TIM_OC2PolarityConfig                    0x08001ef5   Thumb Code    26  stm32f10x_tim.o(.text)
    TIM_OC2NPolarityConfig                   0x08001f0f   Thumb Code    26  stm32f10x_tim.o(.text)
    TIM_OC3PolarityConfig                    0x08001f29   Thumb Code    26  stm32f10x_tim.o(.text)
    TIM_OC3NPolarityConfig                   0x08001f43   Thumb Code    26  stm32f10x_tim.o(.text)
    TIM_OC4PolarityConfig                    0x08001f5d   Thumb Code    26  stm32f10x_tim.o(.text)
    TIM_CCxCmd                               0x08001f77   Thumb Code    30  stm32f10x_tim.o(.text)
    TIM_CCxNCmd                              0x08001f95   Thumb Code    30  stm32f10x_tim.o(.text)
    TIM_SelectOCxM                           0x08001fb3   Thumb Code    82  stm32f10x_tim.o(.text)
    TIM_UpdateDisableConfig                  0x08002005   Thumb Code    24  stm32f10x_tim.o(.text)
    TIM_UpdateRequestConfig                  0x0800201d   Thumb Code    24  stm32f10x_tim.o(.text)
    TIM_SelectHallSensor                     0x08002035   Thumb Code    24  stm32f10x_tim.o(.text)
    TIM_SelectOnePulseMode                   0x0800204d   Thumb Code    18  stm32f10x_tim.o(.text)
    TIM_SelectOutputTrigger                  0x0800205f   Thumb Code    18  stm32f10x_tim.o(.text)
    TIM_SelectSlaveMode                      0x08002071   Thumb Code    18  stm32f10x_tim.o(.text)
    TIM_SelectMasterSlaveMode                0x08002083   Thumb Code    18  stm32f10x_tim.o(.text)
    TIM_SetCounter                           0x08002095   Thumb Code     4  stm32f10x_tim.o(.text)
    TIM_SetAutoreload                        0x08002099   Thumb Code     4  stm32f10x_tim.o(.text)
    TIM_SetCompare1                          0x0800209d   Thumb Code     4  stm32f10x_tim.o(.text)
    TIM_SetCompare2                          0x080020a1   Thumb Code     4  stm32f10x_tim.o(.text)
    TIM_SetCompare3                          0x080020a5   Thumb Code     4  stm32f10x_tim.o(.text)
    TIM_SetCompare4                          0x080020a9   Thumb Code     6  stm32f10x_tim.o(.text)
    TIM_SetClockDivision                     0x080020af   Thumb Code    18  stm32f10x_tim.o(.text)
    TIM_GetCapture1                          0x080020c1   Thumb Code     6  stm32f10x_tim.o(.text)
    TIM_GetCapture2                          0x080020c7   Thumb Code     6  stm32f10x_tim.o(.text)
    TIM_GetCapture3                          0x080020cd   Thumb Code     6  stm32f10x_tim.o(.text)
    TIM_GetCapture4                          0x080020d3   Thumb Code     8  stm32f10x_tim.o(.text)
    TIM_GetCounter                           0x080020db   Thumb Code     6  stm32f10x_tim.o(.text)
    TIM_GetPrescaler                         0x080020e1   Thumb Code     6  stm32f10x_tim.o(.text)
    TIM_GetFlagStatus                        0x080020e7   Thumb Code    18  stm32f10x_tim.o(.text)
    TIM_ClearFlag                            0x080020f9   Thumb Code     6  stm32f10x_tim.o(.text)
    TIM_GetITStatus                          0x080020ff   Thumb Code    34  stm32f10x_tim.o(.text)
    TIM_ClearITPendingBit                    0x08002121   Thumb Code     6  stm32f10x_tim.o(.text)
    USART_DeInit                             0x08002129   Thumb Code   134  stm32f10x_usart.o(.text)
    USART_Init                               0x080021af   Thumb Code   210  stm32f10x_usart.o(.text)
    USART_StructInit                         0x08002281   Thumb Code    24  stm32f10x_usart.o(.text)
    USART_ClockInit                          0x08002299   Thumb Code    34  stm32f10x_usart.o(.text)
    USART_ClockStructInit                    0x080022bb   Thumb Code    12  stm32f10x_usart.o(.text)
    USART_Cmd                                0x080022c7   Thumb Code    24  stm32f10x_usart.o(.text)
    USART_ITConfig                           0x080022df   Thumb Code    74  stm32f10x_usart.o(.text)
    USART_DMACmd                             0x08002329   Thumb Code    18  stm32f10x_usart.o(.text)
    USART_SetAddress                         0x0800233b   Thumb Code    18  stm32f10x_usart.o(.text)
    USART_WakeUpConfig                       0x0800234d   Thumb Code    18  stm32f10x_usart.o(.text)
    USART_ReceiverWakeUpCmd                  0x0800235f   Thumb Code    24  stm32f10x_usart.o(.text)
    USART_LINBreakDetectLengthConfig         0x08002377   Thumb Code    18  stm32f10x_usart.o(.text)
    USART_LINCmd                             0x08002389   Thumb Code    24  stm32f10x_usart.o(.text)
    USART_SendData                           0x080023a1   Thumb Code     8  stm32f10x_usart.o(.text)
    USART_ReceiveData                        0x080023a9   Thumb Code    10  stm32f10x_usart.o(.text)
    USART_SendBreak                          0x080023b3   Thumb Code    10  stm32f10x_usart.o(.text)
    USART_SetGuardTime                       0x080023bd   Thumb Code    16  stm32f10x_usart.o(.text)
    USART_SetPrescaler                       0x080023cd   Thumb Code    16  stm32f10x_usart.o(.text)
    USART_SmartCardCmd                       0x080023dd   Thumb Code    24  stm32f10x_usart.o(.text)
    USART_SmartCardNACKCmd                   0x080023f5   Thumb Code    24  stm32f10x_usart.o(.text)
    USART_HalfDuplexCmd                      0x0800240d   Thumb Code    24  stm32f10x_usart.o(.text)
    USART_OverSampling8Cmd                   0x08002425   Thumb Code    22  stm32f10x_usart.o(.text)
    USART_OneBitMethodCmd                    0x0800243b   Thumb Code    24  stm32f10x_usart.o(.text)
    USART_IrDAConfig                         0x08002453   Thumb Code    18  stm32f10x_usart.o(.text)
    USART_IrDACmd                            0x08002465   Thumb Code    24  stm32f10x_usart.o(.text)
    USART_GetFlagStatus                      0x0800247d   Thumb Code    26  stm32f10x_usart.o(.text)
    USART_ClearFlag                          0x08002497   Thumb Code    18  stm32f10x_usart.o(.text)
    USART_GetITStatus                        0x080024a9   Thumb Code    84  stm32f10x_usart.o(.text)
    USART_ClearITPendingBit                  0x080024fd   Thumb Code    52  stm32f10x_usart.o(.text)
    WWDG_DeInit                              0x08002531   Thumb Code    22  stm32f10x_wwdg.o(.text)
    WWDG_SetPrescaler                        0x08002547   Thumb Code    18  stm32f10x_wwdg.o(.text)
    WWDG_SetWindowValue                      0x08002559   Thumb Code    34  stm32f10x_wwdg.o(.text)
    WWDG_EnableIT                            0x0800257b   Thumb Code     8  stm32f10x_wwdg.o(.text)
    WWDG_SetCounter                          0x08002583   Thumb Code    12  stm32f10x_wwdg.o(.text)
    WWDG_Enable                              0x0800258f   Thumb Code    12  stm32f10x_wwdg.o(.text)
    WWDG_GetFlagStatus                       0x0800259b   Thumb Code    10  stm32f10x_wwdg.o(.text)
    WWDG_ClearFlag                           0x080025a5   Thumb Code    10  stm32f10x_wwdg.o(.text)
    __use_no_semihosting                     0x080025b9   Thumb Code     2  use_no_semi_2.o(.text)
    __2printf                                0x080025bd   Thumb Code    20  noretval__2printf.o(.text)
    __printf                                 0x080025d5   Thumb Code   104  __printf.o(.text)
    __use_two_region_memory                  0x0800263d   Thumb Code     2  heapauxi.o(.text)
    __rt_heap_escrow$2region                 0x0800263f   Thumb Code     2  heapauxi.o(.text)
    __rt_heap_expand$2region                 0x08002641   Thumb Code     2  heapauxi.o(.text)
    __I$use$semihosting                      0x08002643   Thumb Code     0  use_no_semi.o(.text)
    __use_no_semihosting_swi                 0x08002643   Thumb Code     2  use_no_semi.o(.text)
    __lib_sel_fp_printf                      0x08002645   Thumb Code     2  _printf_fp_dec.o(.text)
    _printf_fp_dec_real                      0x080027f1   Thumb Code   628  _printf_fp_dec.o(.text)
    _printf_char_file                        0x08002a65   Thumb Code    32  _printf_char_file.o(.text)
    __rt_locale                              0x08002a89   Thumb Code     8  rt_locale_intlibspace.o(.text)
    _ll_udiv10                               0x08002a91   Thumb Code   138  lludiv10.o(.text)
    _printf_char_common                      0x08002b27   Thumb Code    32  _printf_char_common.o(.text)
    _printf_fp_infnan                        0x08002b4d   Thumb Code   112  _printf_fp_infnan.o(.text)
    _btod_etento                             0x08002bcd   Thumb Code   222  bigflt0.o(.text)
    ferror                                   0x08002cb1   Thumb Code     8  ferror.o(.text)
    __user_libspace                          0x08002cb9   Thumb Code     8  libspace.o(.text)
    __user_perproc_libspace                  0x08002cb9   Thumb Code     0  libspace.o(.text)
    __user_perthread_libspace                0x08002cb9   Thumb Code     0  libspace.o(.text)
    __user_setup_stackheap                   0x08002cc1   Thumb Code    74  sys_stackheap_outer.o(.text)
    exit                                     0x08002d0b   Thumb Code    12  exit.o(.text)
    strcmp                                   0x08002d19   Thumb Code   128  strcmpv7m.o(.text)
    _btod_d2e                                0x08002d99   Thumb Code    62  btod.o(CL$$btod_d2e)
    _d2e_denorm_low                          0x08002dd7   Thumb Code    70  btod.o(CL$$btod_d2e_denorm_low)
    _d2e_norm_op1                            0x08002e1d   Thumb Code    96  btod.o(CL$$btod_d2e_norm_op1)
    __btod_div_common                        0x08002e7d   Thumb Code   696  btod.o(CL$$btod_div_common)
    _e2e                                     0x080031b5   Thumb Code   198  btod.o(CL$$btod_e2e)
    _btod_ediv                               0x0800327b   Thumb Code    40  btod.o(CL$$btod_ediv)
    _btod_emul                               0x080032a3   Thumb Code    40  btod.o(CL$$btod_emul)
    __btod_mult_common                       0x080032cb   Thumb Code   580  btod.o(CL$$btod_mult_common)
    __ARM_fpclassify                         0x0800350f   Thumb Code    40  fpclassify.o(i.__ARM_fpclassify)
    _get_lc_numeric                          0x08003539   Thumb Code    44  lc_numeric_c.o(locale$$code)
    __aeabi_d2f                              0x08003565   Thumb Code     0  d2f.o(x$fpl$d2f)
    _d2f                                     0x08003565   Thumb Code    98  d2f.o(x$fpl$d2f)
    __aeabi_ddiv                             0x080035c9   Thumb Code     0  ddiv.o(x$fpl$ddiv)
    _ddiv                                    0x080035c9   Thumb Code   552  ddiv.o(x$fpl$ddiv)
    __aeabi_i2d                              0x08003879   Thumb Code     0  dflt_clz.o(x$fpl$dflt)
    _dflt                                    0x08003879   Thumb Code    46  dflt_clz.o(x$fpl$dflt)
    __fpl_dnaninf                            0x080038a7   Thumb Code   156  dnaninf.o(x$fpl$dnaninf)
    __fpl_dretinf                            0x08003943   Thumb Code    12  dretinf.o(x$fpl$dretinf)
    __aeabi_f2d                              0x08003951   Thumb Code     0  f2d.o(x$fpl$f2d)
    _f2d                                     0x08003951   Thumb Code    86  f2d.o(x$fpl$f2d)
    __fpl_fcmp_Inf                           0x080039a7   Thumb Code    24  fcmpi.o(x$fpl$fcmpinf)
    __aeabi_cfcmple                          0x080039c1   Thumb Code     0  fleqf.o(x$fpl$fleqf)
    _fcmple                                  0x080039c1   Thumb Code   104  fleqf.o(x$fpl$fleqf)
    __fpl_fcmple_InfNaN                      0x08003a13   Thumb Code     0  fleqf.o(x$fpl$fleqf)
    __fpl_fnaninf                            0x08003a29   Thumb Code   140  fnaninf.o(x$fpl$fnaninf)
    __fpl_fretinf                            0x08003ab5   Thumb Code    10  fretinf.o(x$fpl$fretinf)
    __aeabi_cfrcmple                         0x08003abf   Thumb Code     0  frleqf.o(x$fpl$frleqf)
    _frcmple                                 0x08003abf   Thumb Code    98  frleqf.o(x$fpl$frleqf)
    _printf_fp_dec                           0x08003b21   Thumb Code     4  printf1.o(x$fpl$printf1)
    __I$use$fp                               0x08003b24   Number         0  usenofp.o(x$fpl$usenofp)
    Region$$Table$$Base                      0x08003bb8   Number         0  anon$$obj.o(Region$$Table)
    Region$$Table$$Limit                     0x08003bd8   Number         0  anon$$obj.o(Region$$Table)
    SystemCoreClock                          0x20000000   Data           4  system_stm32f10x.o(.data)
    AHBPrescTable                            0x20000004   Data          16  system_stm32f10x.o(.data)
    UltrasonicWave_Distance                  0x20000018   Data           4  ultrasonicwave.o(.data)
    USART_RX_STA                             0x20000020   Data           1  usart.o(.data)
    __stdout                                 0x20000024   Data           4  usart.o(.data)
    USART_RX_BUF                             0x2000003c   Data          64  usart.o(.bss)
    __libspace_start                         0x2000007c   Data          96  libspace.o(.bss)
    __temporary_stack_top$libspace           0x200000dc   Data           0  libspace.o(.bss)



==============================================================================

Memory Map of the image

  Image Entry point : 0x080000ed

  Load Region LR_IROM1 (Base: 0x08000000, Size: 0x00003c30, Max: 0x00020000, ABSOLUTE)

    Execution Region ER_IROM1 (Base: 0x08000000, Size: 0x00003bf4, Max: 0x00020000, ABSOLUTE)

    Base Addr    Size         Type   Attr      Idx    E Section Name        Object

    0x08000000   0x000000ec   Data   RO          423    RESET               startup_stm32f10x_md.o
    0x080000ec   0x00000008   Code   RO          740  * !!!main             c_w.l(__main.o)
    0x080000f4   0x00000034   Code   RO          979    !!!scatter          c_w.l(__scatter.o)
    0x08000128   0x0000001a   Code   RO          981    !!handler_copy      c_w.l(__scatter_copy.o)
    0x08000142   0x00000002   PAD
    0x08000144   0x0000001c   Code   RO          983    !!handler_zi        c_w.l(__scatter_zi.o)
    0x08000160   0x00000000   Code   RO          737    .ARM.Collect$$_printf_percent$$00000000  c_w.l(_printf_percent.o)
    0x08000160   0x00000006   Code   RO          736    .ARM.Collect$$_printf_percent$$00000003  c_w.l(_printf_f.o)
    0x08000166   0x00000004   Code   RO          767    .ARM.Collect$$_printf_percent$$00000017  c_w.l(_printf_percent_end.o)
    0x0800016a   0x00000002   Code   RO          859    .ARM.Collect$$libinit$$00000000  c_w.l(libinit.o)
    0x0800016c   0x00000000   Code   RO          861    .ARM.Collect$$libinit$$00000002  c_w.l(libinit2.o)
    0x0800016c   0x00000000   Code   RO          864    .ARM.Collect$$libinit$$00000008  c_w.l(libinit2.o)
    0x0800016c   0x00000000   Code   RO          866    .ARM.Collect$$libinit$$0000000A  c_w.l(libinit2.o)
    0x0800016c   0x00000000   Code   RO          868    .ARM.Collect$$libinit$$0000000C  c_w.l(libinit2.o)
    0x0800016c   0x00000006   Code   RO          869    .ARM.Collect$$libinit$$0000000D  c_w.l(libinit2.o)
    0x08000172   0x00000000   Code   RO          871    .ARM.Collect$$libinit$$0000000F  c_w.l(libinit2.o)
    0x08000172   0x00000000   Code   RO          873    .ARM.Collect$$libinit$$00000011  c_w.l(libinit2.o)
    0x08000172   0x00000000   Code   RO          875    .ARM.Collect$$libinit$$00000013  c_w.l(libinit2.o)
    0x08000172   0x0000000a   Code   RO          876    .ARM.Collect$$libinit$$00000014  c_w.l(libinit2.o)
    0x0800017c   0x00000000   Code   RO          877    .ARM.Collect$$libinit$$00000015  c_w.l(libinit2.o)
    0x0800017c   0x00000000   Code   RO          879    .ARM.Collect$$libinit$$00000017  c_w.l(libinit2.o)
    0x0800017c   0x00000000   Code   RO          881    .ARM.Collect$$libinit$$00000019  c_w.l(libinit2.o)
    0x0800017c   0x00000000   Code   RO          883    .ARM.Collect$$libinit$$0000001B  c_w.l(libinit2.o)
    0x0800017c   0x00000000   Code   RO          885    .ARM.Collect$$libinit$$0000001D  c_w.l(libinit2.o)
    0x0800017c   0x00000000   Code   RO          887    .ARM.Collect$$libinit$$0000001F  c_w.l(libinit2.o)
    0x0800017c   0x00000000   Code   RO          889    .ARM.Collect$$libinit$$00000021  c_w.l(libinit2.o)
    0x0800017c   0x00000000   Code   RO          891    .ARM.Collect$$libinit$$00000023  c_w.l(libinit2.o)
    0x0800017c   0x00000000   Code   RO          895    .ARM.Collect$$libinit$$0000002A  c_w.l(libinit2.o)
    0x0800017c   0x00000000   Code   RO          897    .ARM.Collect$$libinit$$0000002C  c_w.l(libinit2.o)
    0x0800017c   0x00000000   Code   RO          899    .ARM.Collect$$libinit$$0000002E  c_w.l(libinit2.o)
    0x0800017c   0x00000000   Code   RO          901    .ARM.Collect$$libinit$$00000030  c_w.l(libinit2.o)
    0x0800017c   0x00000002   Code   RO          902    .ARM.Collect$$libinit$$00000031  c_w.l(libinit2.o)
    0x0800017e   0x00000002   Code   RO          930    .ARM.Collect$$libshutdown$$00000000  c_w.l(libshutdown.o)
    0x08000180   0x00000000   Code   RO          940    .ARM.Collect$$libshutdown$$00000003  c_w.l(libshutdown2.o)
    0x08000180   0x00000000   Code   RO          943    .ARM.Collect$$libshutdown$$00000006  c_w.l(libshutdown2.o)
    0x08000180   0x00000000   Code   RO          946    .ARM.Collect$$libshutdown$$00000009  c_w.l(libshutdown2.o)
    0x08000180   0x00000000   Code   RO          948    .ARM.Collect$$libshutdown$$0000000B  c_w.l(libshutdown2.o)
    0x08000180   0x00000000   Code   RO          951    .ARM.Collect$$libshutdown$$0000000E  c_w.l(libshutdown2.o)
    0x08000180   0x00000002   Code   RO          952    .ARM.Collect$$libshutdown$$0000000F  c_w.l(libshutdown2.o)
    0x08000182   0x00000000   Code   RO          762    .ARM.Collect$$rtentry$$00000000  c_w.l(rtentry.o)
    0x08000182   0x00000000   Code   RO          780    .ARM.Collect$$rtentry$$00000002  c_w.l(rtentry2.o)
    0x08000182   0x00000006   Code   RO          792    .ARM.Collect$$rtentry$$00000004  c_w.l(rtentry4.o)
    0x08000188   0x00000000   Code   RO          782    .ARM.Collect$$rtentry$$00000009  c_w.l(rtentry2.o)
    0x08000188   0x00000004   Code   RO          783    .ARM.Collect$$rtentry$$0000000A  c_w.l(rtentry2.o)
    0x0800018c   0x00000000   Code   RO          785    .ARM.Collect$$rtentry$$0000000C  c_w.l(rtentry2.o)
    0x0800018c   0x00000008   Code   RO          786    .ARM.Collect$$rtentry$$0000000D  c_w.l(rtentry2.o)
    0x08000194   0x00000002   Code   RO          903    .ARM.Collect$$rtexit$$00000000  c_w.l(rtexit.o)
    0x08000196   0x00000000   Code   RO          910    .ARM.Collect$$rtexit$$00000002  c_w.l(rtexit2.o)
    0x08000196   0x00000004   Code   RO          911    .ARM.Collect$$rtexit$$00000003  c_w.l(rtexit2.o)
    0x0800019a   0x00000006   Code   RO          912    .ARM.Collect$$rtexit$$00000004  c_w.l(rtexit2.o)
    0x080001a0   0x00000050   Code   RO            1    .text               main.o
    0x080001f0   0x0000001a   Code   RO          130    .text               stm32f10x_it.o
    0x0800020a   0x00000002   PAD
    0x0800020c   0x000001dc   Code   RO          171    .text               system_stm32f10x.o
    0x080003e8   0x00000064   Code   RO          189    .text               led.o
    0x0800044c   0x000000e4   Code   RO          201    .text               key.o
    0x08000530   0x000000a8   Code   RO          214    .text               wdg.o
    0x080005d8   0x00000072   Code   RO          232    .text               timer.o
    0x0800064a   0x00000002   PAD
    0x0800064c   0x00000158   Code   RO          336    .text               ultrasonicwave.o
    0x080007a4   0x000000a8   Code   RO          361    .text               delay.o
    0x0800084c   0x0000000c   Code   RO          375    .text               sys.o
    0x08000858   0x00000140   Code   RO          387    .text               usart.o
    0x08000998   0x00000040   Code   RO          424    .text               startup_stm32f10x_md.o
    0x080009d8   0x000000dc   Code   RO          428    .text               misc.o
    0x08000ab4   0x0000011c   Code   RO          536    .text               stm32f10x_exti.o
    0x08000bd0   0x00000358   Code   RO          572    .text               stm32f10x_gpio.o
    0x08000f28   0x00000040   Code   RO          596    .text               stm32f10x_iwdg.o
    0x08000f68   0x000003a4   Code   RO          620    .text               stm32f10x_rcc.o
    0x0800130c   0x00000e1a   Code   RO          670    .text               stm32f10x_tim.o
    0x08002126   0x00000002   PAD
    0x08002128   0x00000408   Code   RO          682    .text               stm32f10x_usart.o
    0x08002530   0x00000088   Code   RO          694    .text               stm32f10x_wwdg.o
    0x080025b8   0x00000002   Code   RO          708    .text               c_w.l(use_no_semi_2.o)
    0x080025ba   0x00000002   PAD
    0x080025bc   0x00000018   Code   RO          712    .text               c_w.l(noretval__2printf.o)
    0x080025d4   0x00000068   Code   RO          714    .text               c_w.l(__printf.o)
    0x0800263c   0x00000006   Code   RO          738    .text               c_w.l(heapauxi.o)
    0x08002642   0x00000002   Code   RO          760    .text               c_w.l(use_no_semi.o)
    0x08002644   0x00000420   Code   RO          763    .text               c_w.l(_printf_fp_dec.o)
    0x08002a64   0x00000024   Code   RO          765    .text               c_w.l(_printf_char_file.o)
    0x08002a88   0x00000008   Code   RO          797    .text               c_w.l(rt_locale_intlibspace.o)
    0x08002a90   0x0000008a   Code   RO          799    .text               c_w.l(lludiv10.o)
    0x08002b1a   0x00000002   PAD
    0x08002b1c   0x00000030   Code   RO          801    .text               c_w.l(_printf_char_common.o)
    0x08002b4c   0x00000080   Code   RO          803    .text               c_w.l(_printf_fp_infnan.o)
    0x08002bcc   0x000000e4   Code   RO          805    .text               c_w.l(bigflt0.o)
    0x08002cb0   0x00000008   Code   RO          830    .text               c_w.l(ferror.o)
    0x08002cb8   0x00000008   Code   RO          843    .text               c_w.l(libspace.o)
    0x08002cc0   0x0000004a   Code   RO          846    .text               c_w.l(sys_stackheap_outer.o)
    0x08002d0a   0x0000000c   Code   RO          850    .text               c_w.l(exit.o)
    0x08002d16   0x00000002   PAD
    0x08002d18   0x00000080   Code   RO          852    .text               c_w.l(strcmpv7m.o)
    0x08002d98   0x0000003e   Code   RO          808    CL$$btod_d2e        c_w.l(btod.o)
    0x08002dd6   0x00000046   Code   RO          810    CL$$btod_d2e_denorm_low  c_w.l(btod.o)
    0x08002e1c   0x00000060   Code   RO          809    CL$$btod_d2e_norm_op1  c_w.l(btod.o)
    0x08002e7c   0x00000338   Code   RO          818    CL$$btod_div_common  c_w.l(btod.o)
    0x080031b4   0x000000c6   Code   RO          815    CL$$btod_e2e        c_w.l(btod.o)
    0x0800327a   0x00000028   Code   RO          812    CL$$btod_ediv       c_w.l(btod.o)
    0x080032a2   0x00000028   Code   RO          811    CL$$btod_emul       c_w.l(btod.o)
    0x080032ca   0x00000244   Code   RO          817    CL$$btod_mult_common  c_w.l(btod.o)
    0x0800350e   0x00000028   Code   RO          841    i.__ARM_fpclassify  m_ws.l(fpclassify.o)
    0x08003536   0x00000002   PAD
    0x08003538   0x0000002c   Code   RO          835    locale$$code        c_w.l(lc_numeric_c.o)
    0x08003564   0x00000062   Code   RO          742    x$fpl$d2f           fz_ws.l(d2f.o)
    0x080035c6   0x00000002   PAD
    0x080035c8   0x000002b0   Code   RO          745    x$fpl$ddiv          fz_ws.l(ddiv.o)
    0x08003878   0x0000002e   Code   RO          749    x$fpl$dflt          fz_ws.l(dflt_clz.o)
    0x080038a6   0x0000009c   Code   RO          768    x$fpl$dnaninf       fz_ws.l(dnaninf.o)
    0x08003942   0x0000000c   Code   RO          770    x$fpl$dretinf       fz_ws.l(dretinf.o)
    0x0800394e   0x00000002   PAD
    0x08003950   0x00000056   Code   RO          754    x$fpl$f2d           fz_ws.l(f2d.o)
    0x080039a6   0x00000018   Code   RO          837    x$fpl$fcmpinf       fz_ws.l(fcmpi.o)
    0x080039be   0x00000002   PAD
    0x080039c0   0x00000068   Code   RO          772    x$fpl$fleqf         fz_ws.l(fleqf.o)
    0x08003a28   0x0000008c   Code   RO          774    x$fpl$fnaninf       fz_ws.l(fnaninf.o)
    0x08003ab4   0x0000000a   Code   RO          776    x$fpl$fretinf       fz_ws.l(fretinf.o)
    0x08003abe   0x00000062   Code   RO          756    x$fpl$frleqf        fz_ws.l(frleqf.o)
    0x08003b20   0x00000004   Code   RO          758    x$fpl$printf1       fz_ws.l(printf1.o)
    0x08003b24   0x00000000   Code   RO          778    x$fpl$usenofp       fz_ws.l(usenofp.o)
    0x08003b24   0x00000094   Data   RO          806    .constdata          c_w.l(bigflt0.o)
    0x08003bb8   0x00000020   Data   RO          977    Region$$Table       anon$$obj.o
    0x08003bd8   0x0000001c   Data   RO          834    locale$$data        c_w.l(lc_numeric_c.o)


    Execution Region RW_IRAM1 (Base: 0x20000000, Size: 0x000006e0, Max: 0x00005000, ABSOLUTE)

    Base Addr    Size         Type   Attr      Idx    E Section Name        Object

    0x20000000   0x00000014   Data   RW          172    .data               system_stm32f10x.o
    0x20000014   0x00000001   Data   RW          202    .data               key.o
    0x20000015   0x00000003   PAD
    0x20000018   0x00000004   Data   RW          337    .data               ultrasonicwave.o
    0x2000001c   0x00000004   Data   RW          362    .data               delay.o
    0x20000020   0x00000008   Data   RW          389    .data               usart.o
    0x20000028   0x00000014   Data   RW          621    .data               stm32f10x_rcc.o
    0x2000003c   0x00000040   Zero   RW          388    .bss                usart.o
    0x2000007c   0x00000060   Zero   RW          844    .bss                c_w.l(libspace.o)
    0x200000dc   0x00000004   PAD
    0x200000e0   0x00000200   Zero   RW          422    HEAP                startup_stm32f10x_md.o
    0x200002e0   0x00000400   Zero   RW          421    STACK               startup_stm32f10x_md.o


==============================================================================

Image component sizes


      Code (inc. data)   RO Data    RW Data    ZI Data      Debug   Object Name

         0          0          0          0          0         32   core_cm3.o
       168         10          0          4          0        927   delay.o
       228         30          0          1          0        728   key.o
       100          8          0          0          0        451   led.o
        80          6          0          0          0     253283   main.o
       220         20          0          0          0       1681   misc.o
        64         26        236          0       1536        732   startup_stm32f10x_md.o
       284         10          0          0          0       2111   stm32f10x_exti.o
       856         40          0          0          0       5525   stm32f10x_gpio.o
        26          0          0          0          0       1122   stm32f10x_it.o
        64          6          0          0          0       1205   stm32f10x_iwdg.o
       932         44          0         20          0       8636   stm32f10x_rcc.o
      3610         88          0          0          0      22008   stm32f10x_tim.o
      1032         22          0          0          0       8252   stm32f10x_usart.o
       136         10          0          0          0       2176   stm32f10x_wwdg.o
        12          0          0          0          0        393   sys.o
       476         36          0         20          0       1559   system_stm32f10x.o
       114          0          0          0          0     234922   timer.o
       344         34          0          4          0       1280   ultrasonicwave.o
       320         18          0          8         64       2946   usart.o
       168          6          0          0          0       1276   wdg.o

    ----------------------------------------------------------------------
      9240        414        268         60       1600     551245   Object Totals
         0          0         32          0          0          0   (incl. Generated)
         6          0          0          3          0          0   (incl. Padding)

    ----------------------------------------------------------------------

      Code (inc. data)   RO Data    RW Data    ZI Data      Debug   Library Member Name

         8          0          0          0          0         68   __main.o
       104          0          0          0          0         84   __printf.o
        52          8          0          0          0          0   __scatter.o
        26          0          0          0          0          0   __scatter_copy.o
        28          0          0          0          0          0   __scatter_zi.o
        48          6          0          0          0         96   _printf_char_common.o
        36          4          0          0          0         80   _printf_char_file.o
         6          0          0          0          0          0   _printf_f.o
      1056          0          0          0          0        212   _printf_fp_dec.o
       128         16          0          0          0         84   _printf_fp_infnan.o
         0          0          0          0          0          0   _printf_percent.o
         4          0          0          0          0          0   _printf_percent_end.o
       228          6        148          0          0         96   bigflt0.o
      1910        128          0          0          0        672   btod.o
        12          0          0          0          0         72   exit.o
         8          0          0          0          0         68   ferror.o
         6          0          0          0          0        152   heapauxi.o
        44         10         28          0          0         76   lc_numeric_c.o
         2          0          0          0          0          0   libinit.o
        18          0          0          0          0          0   libinit2.o
         2          0          0          0          0          0   libshutdown.o
         2          0          0          0          0          0   libshutdown2.o
         8          4          0          0         96         68   libspace.o
       138          0          0          0          0         80   lludiv10.o
        24          4          0          0          0         84   noretval__2printf.o
         8          4          0          0          0         68   rt_locale_intlibspace.o
         0          0          0          0          0          0   rtentry.o
        12          0          0          0          0          0   rtentry2.o
         6          0          0          0          0          0   rtentry4.o
         2          0          0          0          0          0   rtexit.o
        10          0          0          0          0          0   rtexit2.o
       128          0          0          0          0         68   strcmpv7m.o
        74          0          0          0          0         80   sys_stackheap_outer.o
         2          0          0          0          0         68   use_no_semi.o
         2          0          0          0          0         68   use_no_semi_2.o
        98          4          0          0          0         92   d2f.o
       688        140          0          0          0        212   ddiv.o
        46          0          0          0          0         68   dflt_clz.o
       156          4          0          0          0         92   dnaninf.o
        12          0          0          0          0         68   dretinf.o
        86          4          0          0          0         84   f2d.o
        24          0          0          0          0         68   fcmpi.o
       104          4          0          0          0         84   fleqf.o
       140          4          0          0          0         84   fnaninf.o
        10          0          0          0          0         68   fretinf.o
        98          0          0          0          0         68   frleqf.o
         4          0          0          0          0         68   printf1.o
         0          0          0          0          0          0   usenofp.o
        40          0          0          0          0         68   fpclassify.o

    ----------------------------------------------------------------------
      5664        350        176          0        100       3468   Library Totals
        16          0          0          0          4          0   (incl. Padding)

    ----------------------------------------------------------------------

      Code (inc. data)   RO Data    RW Data    ZI Data      Debug   Library Name

      4142        190        176          0         96       2344   c_w.l
      1466        160          0          0          0       1056   fz_ws.l
        40          0          0          0          0         68   m_ws.l

    ----------------------------------------------------------------------
      5664        350        176          0        100       3468   Library Totals

    ----------------------------------------------------------------------

==============================================================================


      Code (inc. data)   RO Data    RW Data    ZI Data      Debug   

     14904        764        444         60       1700     550969   Grand Totals
     14904        764        444         60       1700     550969   ELF Image Totals
     14904        764        444         60          0          0   ROM Totals

==============================================================================

    Total RO  Size (Code + RO Data)                15348 (  14.99kB)
    Total RW  Size (RW Data + ZI Data)              1760 (   1.72kB)
    Total ROM Size (Code + RO Data + RW Data)      15408 (  15.05kB)

==============================================================================

